Archive member included to satisfy reference by file (symbol)

c:/st/stm32cubeide_1.8.0/stm32cubeide/plugins/com.st.stm32cube.ide.mcu.externaltools.gnu-tools-for-stm32.9-2020-q2-update.win32_2.0.0.202105311346/tools/bin/../lib/gcc/arm-none-eabi/9.3.1/../../../../arm-none-eabi/lib/thumb/v7e-m+fp/hard\libc_nano.a(lib_a-errno.o)
                              ./Core/Src/syscalls.o (__errno)
c:/st/stm32cubeide_1.8.0/stm32cubeide/plugins/com.st.stm32cube.ide.mcu.externaltools.gnu-tools-for-stm32.9-2020-q2-update.win32_2.0.0.202105311346/tools/bin/../lib/gcc/arm-none-eabi/9.3.1/../../../../arm-none-eabi/lib/thumb/v7e-m+fp/hard\libc_nano.a(lib_a-exit.o)
                              c:/st/stm32cubeide_1.8.0/stm32cubeide/plugins/com.st.stm32cube.ide.mcu.externaltools.gnu-tools-for-stm32.9-2020-q2-update.win32_2.0.0.202105311346/tools/bin/../lib/gcc/arm-none-eabi/9.3.1/../../../../arm-none-eabi/lib/thumb/v7e-m+fp/hard/crt0.o (exit)
c:/st/stm32cubeide_1.8.0/stm32cubeide/plugins/com.st.stm32cube.ide.mcu.externaltools.gnu-tools-for-stm32.9-2020-q2-update.win32_2.0.0.202105311346/tools/bin/../lib/gcc/arm-none-eabi/9.3.1/../../../../arm-none-eabi/lib/thumb/v7e-m+fp/hard\libc_nano.a(lib_a-impure.o)
                              c:/st/stm32cubeide_1.8.0/stm32cubeide/plugins/com.st.stm32cube.ide.mcu.externaltools.gnu-tools-for-stm32.9-2020-q2-update.win32_2.0.0.202105311346/tools/bin/../lib/gcc/arm-none-eabi/9.3.1/../../../../arm-none-eabi/lib/thumb/v7e-m+fp/hard\libc_nano.a(lib_a-exit.o) (_global_impure_ptr)
c:/st/stm32cubeide_1.8.0/stm32cubeide/plugins/com.st.stm32cube.ide.mcu.externaltools.gnu-tools-for-stm32.9-2020-q2-update.win32_2.0.0.202105311346/tools/bin/../lib/gcc/arm-none-eabi/9.3.1/../../../../arm-none-eabi/lib/thumb/v7e-m+fp/hard\libc_nano.a(lib_a-init.o)
                              c:/st/stm32cubeide_1.8.0/stm32cubeide/plugins/com.st.stm32cube.ide.mcu.externaltools.gnu-tools-for-stm32.9-2020-q2-update.win32_2.0.0.202105311346/tools/bin/../lib/gcc/arm-none-eabi/9.3.1/../../../../arm-none-eabi/lib/thumb/v7e-m+fp/hard/crt0.o (__libc_init_array)
c:/st/stm32cubeide_1.8.0/stm32cubeide/plugins/com.st.stm32cube.ide.mcu.externaltools.gnu-tools-for-stm32.9-2020-q2-update.win32_2.0.0.202105311346/tools/bin/../lib/gcc/arm-none-eabi/9.3.1/../../../../arm-none-eabi/lib/thumb/v7e-m+fp/hard\libc_nano.a(lib_a-memcpy-stub.o)
                              ./ThardParty/FreeRTOS/queue.o (memcpy)
c:/st/stm32cubeide_1.8.0/stm32cubeide/plugins/com.st.stm32cube.ide.mcu.externaltools.gnu-tools-for-stm32.9-2020-q2-update.win32_2.0.0.202105311346/tools/bin/../lib/gcc/arm-none-eabi/9.3.1/../../../../arm-none-eabi/lib/thumb/v7e-m+fp/hard\libc_nano.a(lib_a-memset.o)
                              c:/st/stm32cubeide_1.8.0/stm32cubeide/plugins/com.st.stm32cube.ide.mcu.externaltools.gnu-tools-for-stm32.9-2020-q2-update.win32_2.0.0.202105311346/tools/bin/../lib/gcc/arm-none-eabi/9.3.1/../../../../arm-none-eabi/lib/thumb/v7e-m+fp/hard/crt0.o (memset)
c:/st/stm32cubeide_1.8.0/stm32cubeide/plugins/com.st.stm32cube.ide.mcu.externaltools.gnu-tools-for-stm32.9-2020-q2-update.win32_2.0.0.202105311346/tools/bin/../lib/gcc/arm-none-eabi/9.3.1/../../../../arm-none-eabi/lib/thumb/v7e-m+fp/hard\libc_nano.a(lib_a-puts.o)
                              ./Core/Src/main.o (puts)
c:/st/stm32cubeide_1.8.0/stm32cubeide/plugins/com.st.stm32cube.ide.mcu.externaltools.gnu-tools-for-stm32.9-2020-q2-update.win32_2.0.0.202105311346/tools/bin/../lib/gcc/arm-none-eabi/9.3.1/../../../../arm-none-eabi/lib/thumb/v7e-m+fp/hard\libc_nano.a(lib_a-wbuf.o)
                              c:/st/stm32cubeide_1.8.0/stm32cubeide/plugins/com.st.stm32cube.ide.mcu.externaltools.gnu-tools-for-stm32.9-2020-q2-update.win32_2.0.0.202105311346/tools/bin/../lib/gcc/arm-none-eabi/9.3.1/../../../../arm-none-eabi/lib/thumb/v7e-m+fp/hard\libc_nano.a(lib_a-puts.o) (__swbuf_r)
c:/st/stm32cubeide_1.8.0/stm32cubeide/plugins/com.st.stm32cube.ide.mcu.externaltools.gnu-tools-for-stm32.9-2020-q2-update.win32_2.0.0.202105311346/tools/bin/../lib/gcc/arm-none-eabi/9.3.1/../../../../arm-none-eabi/lib/thumb/v7e-m+fp/hard\libc_nano.a(lib_a-wsetup.o)
                              c:/st/stm32cubeide_1.8.0/stm32cubeide/plugins/com.st.stm32cube.ide.mcu.externaltools.gnu-tools-for-stm32.9-2020-q2-update.win32_2.0.0.202105311346/tools/bin/../lib/gcc/arm-none-eabi/9.3.1/../../../../arm-none-eabi/lib/thumb/v7e-m+fp/hard\libc_nano.a(lib_a-puts.o) (__swsetup_r)
c:/st/stm32cubeide_1.8.0/stm32cubeide/plugins/com.st.stm32cube.ide.mcu.externaltools.gnu-tools-for-stm32.9-2020-q2-update.win32_2.0.0.202105311346/tools/bin/../lib/gcc/arm-none-eabi/9.3.1/../../../../arm-none-eabi/lib/thumb/v7e-m+fp/hard\libc_nano.a(lib_a-fflush.o)
[...]
Memory Configuration

Name             Origin             Length             Attributes
CCMRAM           0x0000000010000000 0x0000000000010000 xrw
RAM              0x0000000020000000 0x0000000000020000 xrw
FLASH            0x0000000008000000 0x0000000000100000 xr
*default*        0x0000000000000000 0xffffffffffffffff

Linker script and memory map

LOAD c:/st/stm32cubeide_1.8.0/stm32cubeide/plugins/com.st.stm32cube.ide.mcu.externaltools.gnu-tools-for-stm32.9-2020-q2-update.win32_2.0.0.202105311346/tools/bin/../lib/gcc/arm-none-eabi/9.3.1/thumb/v7e-m+fp/hard/crti.o
LOAD c:/st/stm32cubeide_1.8.0/stm32cubeide/plugins/com.st.stm32cube.ide.mcu.externaltools.gnu-tools-for-stm32.9-2020-q2-update.win32_2.0.0.202105311346/tools/bin/../lib/gcc/arm-none-eabi/9.3.1/thumb/v7e-m+fp/hard/crtbegin.o
LOAD c:/st/stm32cubeide_1.8.0/stm32cubeide/plugins/com.st.stm32cube.ide.mcu.externaltools.gnu-tools-for-stm32.9-2020-q2-update.win32_2.0.0.202105311346/tools/bin/../lib/gcc/arm-none-eabi/9.3.1/../../../../arm-none-eabi/lib/thumb/v7e-m+fp/hard/crt0.o
LOAD ./Core/Src/main.o
LOAD ./Core/Src/stm32f4xx_hal_msp.o
LOAD ./Core/Src/stm32f4xx_hal_timebase_tim.o
LOAD ./Core/Src/stm32f4xx_it.o
LOAD ./Core/Src/syscalls.o
LOAD ./Core/Src/system_stm32f4xx.o
LOAD ./Core/Startup/startup_stm32f407vgtx.o
LOAD ./Drivers/STM32F4xx_HAL_Driver/Src/stm32f4xx_hal.o
LOAD ./Drivers/STM32F4xx_HAL_Driver/Src/stm32f4xx_hal_cortex.o
LOAD ./Drivers/STM32F4xx_HAL_Driver/Src/stm32f4xx_hal_dma.o
LOAD ./Drivers/STM32F4xx_HAL_Driver/Src/stm32f4xx_hal_dma_ex.o
LOAD ./Drivers/STM32F4xx_HAL_Driver/Src/stm32f4xx_hal_exti.o
LOAD ./Drivers/STM32F4xx_HAL_Driver/Src/stm32f4xx_hal_flash.o
LOAD ./Drivers/STM32F4xx_HAL_Driver/Src/stm32f4xx_hal_flash_ex.o
LOAD ./Drivers/STM32F4xx_HAL_Driver/Src/stm32f4xx_hal_flash_ramfunc.o
LOAD ./Drivers/STM32F4xx_HAL_Driver/Src/stm32f4xx_hal_gpio.o
LOAD ./Drivers/STM32F4xx_HAL_Driver/Src/stm32f4xx_hal_pwr.o
LOAD ./Drivers/STM32F4xx_HAL_Driver/Src/stm32f4xx_hal_pwr_ex.o
LOAD ./Drivers/STM32F4xx_HAL_Driver/Src/stm32f4xx_hal_rcc.o
LOAD ./Drivers/STM32F4xx_HAL_Driver/Src/stm32f4xx_hal_rcc_ex.o
LOAD ./Drivers/STM32F4xx_HAL_Driver/Src/stm32f4xx_hal_tim.o
LOAD ./Drivers/STM32F4xx_HAL_Driver/Src/stm32f4xx_hal_tim_ex.o
LOAD ./ThardParty/FreeRTOS/croutine.o
LOAD ./ThardParty/FreeRTOS/event_groups.o
LOAD ./ThardParty/FreeRTOS/list.o
LOAD ./ThardParty/FreeRTOS/queue.o
LOAD ./ThardParty/FreeRTOS/stream_buffer.o
LOAD ./ThardParty/FreeRTOS/tasks.o
LOAD ./ThardParty/FreeRTOS/timers.o
LOAD ./ThardParty/FreeRTOS/portable/GCC/ARM_CM4F/port.o
LOAD ./ThardParty/FreeRTOS/portable/MemMang/heap_4.o
START GROUP
LOAD c:/st/stm32cubeide_1.8.0/stm32cubeide/plugins/com.st.stm32cube.ide.mcu.externaltools.gnu-tools-for-stm32.9-2020-q2-update.win32_2.0.0.202105311346/tools/bin/../lib/gcc/arm-none-eabi/9.3.1/../../../../arm-none-eabi/lib/thumb/v7e-m+fp/hard\libc_nano.a
LOAD c:/st/stm32cubeide_1.8.0/stm32cubeide/plugins/com.st.stm32cube.ide.mcu.externaltools.gnu-tools-for-stm32.9-2020-q2-update.win32_2.0.0.202105311346/tools/bin/../lib/gcc/arm-none-eabi/9.3.1/../../../../arm-none-eabi/lib/thumb/v7e-m+fp/hard\libm.a
END GROUP
START GROUP
LOAD c:/st/stm32cubeide_1.8.0/stm32cubeide/plugins/com.st.stm32cube.ide.mcu.externaltools.gnu-tools-for-stm32.9-2020-q2-update.win32_2.0.0.202105311346/tools/bin/../lib/gcc/arm-none-eabi/9.3.1/thumb/v7e-m+fp/hard\libgcc.a
LOAD c:/st/stm32cubeide_1.8.0/stm32cubeide/plugins/com.st.stm32cube.ide.mcu.externaltools.gnu-tools-for-stm32.9-2020-q2-update.win32_2.0.0.202105311346/tools/bin/../lib/gcc/arm-none-eabi/9.3.1/../../../../arm-none-eabi/lib/thumb/v7e-m+fp/hard\libc_nano.a
END GROUP
START GROUP
LOAD c:/st/stm32cubeide_1.8.0/stm32cubeide/plugins/com.st.stm32cube.ide.mcu.externaltools.gnu-tools-for-stm32.9-2020-q2-update.win32_2.0.0.202105311346/tools/bin/../lib/gcc/arm-none-eabi/9.3.1/thumb/v7e-m+fp/hard\libgcc.a
LOAD c:/st/stm32cubeide_1.8.0/stm32cubeide/plugins/com.st.stm32cube.ide.mcu.externaltools.gnu-tools-for-stm32.9-2020-q2-update.win32_2.0.0.202105311346/tools/bin/../lib/gcc/arm-none-eabi/9.3.1/../../../../arm-none-eabi/lib/thumb/v7e-m+fp/hard\libc_nano.a
LOAD c:/st/stm32cubeide_1.8.0/stm32cubeide/plugins/com.st.stm32cube.ide.mcu.externaltools.gnu-tools-for-stm32.9-2020-q2-update.win32_2.0.0.202105311346/tools/bin/../lib/gcc/arm-none-eabi/9.3.1/../../../../arm-none-eabi/lib/thumb/v7e-m+fp/hard\libnosys.a
END GROUP
START GROUP
LOAD c:/st/stm32cubeide_1.8.0/stm32cubeide/plugins/com.st.stm32cube.ide.mcu.externaltools.gnu-tools-for-stm32.9-2020-q2-update.win32_2.0.0.202105311346/tools/bin/../lib/gcc/arm-none-eabi/9.3.1/thumb/v7e-m+fp/hard\libgcc.a
LOAD c:/st/stm32cubeide_1.8.0/stm32cubeide/plugins/com.st.stm32cube.ide.mcu.externaltools.gnu-tools-for-stm32.9-2020-q2-update.win32_2.0.0.202105311346/tools/bin/../lib/gcc/arm-none-eabi/9.3.1/../../../../arm-none-eabi/lib/thumb/v7e-m+fp/hard\libc_nano.a
LOAD c:/st/stm32cubeide_1.8.0/stm32cubeide/plugins/com.st.stm32cube.ide.mcu.externaltools.gnu-tools-for-stm32.9-2020-q2-update.win32_2.0.0.202105311346/tools/bin/../lib/gcc/arm-none-eabi/9.3.1/../../../../arm-none-eabi/lib/thumb/v7e-m+fp/hard\libnosys.a
END GROUP
LOAD c:/st/stm32cubeide_1.8.0/stm32cubeide/plugins/com.st.stm32cube.ide.mcu.externaltools.gnu-tools-for-stm32.9-2020-q2-update.win32_2.0.0.202105311346/tools/bin/../lib/gcc/arm-none-eabi/9.3.1/thumb/v7e-m+fp/hard/crtend.o
LOAD c:/st/stm32cubeide_1.8.0/stm32cubeide/plugins/com.st.stm32cube.ide.mcu.externaltools.gnu-tools-for-stm32.9-2020-q2-update.win32_2.0.0.202105311346/tools/bin/../lib/gcc/arm-none-eabi/9.3.1/thumb/v7e-m+fp/hard/crtn.o
                0x0000000020020000                _estack = (ORIGIN (RAM) + LENGTH (RAM))
                0x0000000000000200                _Min_Heap_Size = 0x200
                0x0000000000000400                _Min_Stack_Size = 0x400

.isr_vector     0x0000000008000000      0x188
                0x0000000008000000                . = ALIGN (0x4)
 *(.isr_vector)
 .isr_vector    0x0000000008000000      0x188 ./Core/Startup/startup_stm32f407vgtx.o
                0x0000000008000000                g_pfnVectors
                0x0000000008000188                . = ALIGN (0x4)

.text           0x0000000008000190     0x4b4c
                0x0000000008000190                . = ALIGN (0x4)
 *(.text)
 .text          0x0000000008000190       0x40 c:/st/stm32cubeide_1.8.0/stm32cubeide/plugins/com.st.stm32cube.ide.mcu.externaltools.gnu-tools-for-stm32.9-2020-q2-update.win32_2.0.0.202105311346/tools/bin/../lib/gcc/arm-none-eabi/9.3.1/thumb/v7e-m+fp/hard/crtbegin.o
 .text          0x00000000080001d0       0x30 c:/st/stm32cubeide_1.8.0/stm32cubeide/plugins/com.st.stm32cube.ide.mcu.externaltools.gnu-tools-for-stm32.9-2020-q2-update.win32_2.0.0.202105311346/tools/bin/../lib/gcc/arm-none-eabi/9.3.1/thumb/v7e-m+fp/hard\libgcc.a(_aeabi_uldivmod.o)
                0x00000000080001d0                __aeabi_uldivmod
 .text          0x0000000008000200      0x2c4 c:/st/stm32cubeide_1.8.0/stm32cubeide/plugins/com.st.stm32cube.ide.mcu.externaltools.gnu-tools-for-stm32.9-2020-q2-update.win32_2.0.0.202105311346/tools/bin/../lib/gcc/arm-none-eabi/9.3.1/thumb/v7e-m+fp/hard\libgcc.a(_udivmoddi4.o)
                0x0000000008000200                __udivmoddi4
 .text          0x00000000080004c4        0x4 c:/st/stm32cubeide_1.8.0/stm32cubeide/plugins/com.st.stm32cube.ide.mcu.externaltools.gnu-tools-for-stm32.9-2020-q2-update.win32_2.0.0.202105311346/tools/bin/../lib/gcc/arm-none-eabi/9.3.1/thumb/v7e-m+fp/hard\libgcc.a(_dvmd_tls.o)
                0x00000000080004c4                __aeabi_idiv0
                0x00000000080004c4                __aeabi_ldiv0
 *(.text*)
 .text.main     0x00000000080004c8       0x98 ./Core/Src/main.o
                0x00000000080004c8                main
 .text.SystemClock_Config
                0x0000000008000560       0xd4 ./Core/Src/main.o
                0x0000000008000560                SystemClock_Config
 .text.MX_GPIO_Init
                0x0000000008000634      0x2bc ./Core/Src/main.o
 .text.task1_handler
                0x00000000080008f0       0x10 ./Core/Src/main.o
 .text.task2_handler
                0x0000000008000900       0x10 ./Core/Src/main.o
 .text.HAL_TIM_PeriodElapsedCallback
                0x0000000008000910       0x24 ./Core/Src/main.o
                0x0000000008000910                HAL_TIM_PeriodElapsedCallback
 .text.Error_Handler
                0x0000000008000934        0xa ./Core/Src/main.o
                0x0000000008000934                Error_Handler
 *fill*         0x000000000800093e        0x2 
 .text.HAL_MspInit
                0x0000000008000940       0x50 ./Core/Src/stm32f4xx_hal_msp.o
                0x0000000008000940                HAL_MspInit
 .text.HAL_InitTick
                0x0000000008000990       0xb4 ./Core/Src/stm32f4xx_hal_timebase_tim.o
                0x0000000008000990                HAL_InitTick
 .text.NMI_Handler
                0x0000000008000a44        0x6 ./Core/Src/stm32f4xx_it.o
                0x0000000008000a44                NMI_Handler
 .text.HardFault_Handler
                0x0000000008000a4a        0x6 ./Core/Src/stm32f4xx_it.o
                0x0000000008000a4a                HardFault_Handler
 .text.MemManage_Handler
                0x0000000008000a50        0x6 ./Core/Src/stm32f4xx_it.o
                0x0000000008000a50                MemManage_Handler
 .text.BusFault_Handler
                0x0000000008000a56        0x6 ./Core/Src/stm32f4xx_it.o
                0x0000000008000a56                BusFault_Handler
 .text.UsageFault_Handler
                0x0000000008000a5c        0x6 ./Core/Src/stm32f4xx_it.o
                0x0000000008000a5c                UsageFault_Handler
 .text.DebugMon_Handler
                0x0000000008000a62        0xe ./Core/Src/stm32f4xx_it.o
                0x0000000008000a62                DebugMon_Handler
 .text.TIM6_DAC_IRQHandler
                0x0000000008000a70       0x14 ./Core/Src/stm32f4xx_it.o
                0x0000000008000a70                TIM6_DAC_IRQHandler
 .text.ITM_SendChar
                0x0000000008000a84       0x50 ./Core/Src/syscalls.o
                0x0000000008000a84                ITM_SendChar
 .text._read    0x0000000008000ad4       0x3a ./Core/Src/syscalls.o
                0x0000000008000ad4                _read
 .text._write   0x0000000008000b0e       0x38 ./Core/Src/syscalls.o
                0x0000000008000b0e                _write
 .text._close   0x0000000008000b46       0x18 ./Core/Src/syscalls.o
                0x0000000008000b46                _close
 .text._fstat   0x0000000008000b5e       0x20 ./Core/Src/syscalls.o
                0x0000000008000b5e                _fstat
 .text._isatty  0x0000000008000b7e       0x16 ./Core/Src/syscalls.o
                0x0000000008000b7e                _isatty
 .text._lseek   0x0000000008000b94       0x1a ./Core/Src/syscalls.o
                0x0000000008000b94                _lseek
 *fill*         0x0000000008000bae        0x2 
 .text.SystemInit
                0x0000000008000bb0       0x24 ./Core/Src/system_stm32f4xx.o
                0x0000000008000bb0                SystemInit
 .text.Reset_Handler
                0x0000000008000bd4       0x50 ./Core/Startup/startup_stm32f407vgtx.o
                0x0000000008000bd4                Reset_Handler
 .text.Default_Handler
                0x0000000008000c24        0x2 ./Core/Startup/startup_stm32f407vgtx.o
                0x0000000008000c24                RTC_Alarm_IRQHandler
                0x0000000008000c24                HASH_RNG_IRQHandler
                0x0000000008000c24                EXTI2_IRQHandler
                0x0000000008000c24                TIM8_CC_IRQHandler
                0x0000000008000c24                TIM1_CC_IRQHandler
                0x0000000008000c24                DMA2_Stream5_IRQHandler
                0x0000000008000c24                DMA1_Stream5_IRQHandler
                0x0000000008000c24                PVD_IRQHandler
                0x0000000008000c24                SDIO_IRQHandler
                0x0000000008000c24                TAMP_STAMP_IRQHandler
                0x0000000008000c24                CAN2_RX1_IRQHandler
                0x0000000008000c24                EXTI3_IRQHandler
                0x0000000008000c24                TIM8_TRG_COM_TIM14_IRQHandler
                0x0000000008000c24                TIM1_UP_TIM10_IRQHandler
                0x0000000008000c24                TIM8_UP_TIM13_IRQHandler
                0x0000000008000c24                I2C3_ER_IRQHandler
                0x0000000008000c24                EXTI0_IRQHandler
                0x0000000008000c24                I2C2_EV_IRQHandler
                0x0000000008000c24                DMA1_Stream2_IRQHandler
                0x0000000008000c24                CAN1_RX0_IRQHandler
                0x0000000008000c24                FPU_IRQHandler
                0x0000000008000c24                OTG_HS_WKUP_IRQHandler
                0x0000000008000c24                CAN2_SCE_IRQHandler
                0x0000000008000c24                DMA2_Stream2_IRQHandler
                0x0000000008000c24                SPI1_IRQHandler
                0x0000000008000c24                TIM1_BRK_TIM9_IRQHandler
                0x0000000008000c24                DCMI_IRQHandler
                0x0000000008000c24                CAN2_RX0_IRQHandler
                0x0000000008000c24                DMA2_Stream3_IRQHandler
                0x0000000008000c24                USART6_IRQHandler
                0x0000000008000c24                USART3_IRQHandler
                0x0000000008000c24                CAN1_RX1_IRQHandler
                0x0000000008000c24                UART5_IRQHandler
                0x0000000008000c24                DMA2_Stream0_IRQHandler
                0x0000000008000c24                TIM4_IRQHandler
                0x0000000008000c24                I2C1_EV_IRQHandler
                0x0000000008000c24                DMA1_Stream6_IRQHandler
                0x0000000008000c24                DMA1_Stream1_IRQHandler
                0x0000000008000c24                UART4_IRQHandler
                0x0000000008000c24                TIM3_IRQHandler
                0x0000000008000c24                RCC_IRQHandler
                0x0000000008000c24                TIM8_BRK_TIM12_IRQHandler
                0x0000000008000c24                Default_Handler
                0x0000000008000c24                EXTI15_10_IRQHandler
                0x0000000008000c24                ADC_IRQHandler
                0x0000000008000c24                DMA1_Stream7_IRQHandler
                0x0000000008000c24                TIM7_IRQHandler
                0x0000000008000c24                CAN2_TX_IRQHandler
                0x0000000008000c24                TIM5_IRQHandler
                0x0000000008000c24                DMA2_Stream7_IRQHandler
                0x0000000008000c24                I2C3_EV_IRQHandler
                0x0000000008000c24                EXTI9_5_IRQHandler
                0x0000000008000c24                RTC_WKUP_IRQHandler
                0x0000000008000c24                ETH_WKUP_IRQHandler
                0x0000000008000c24                SPI2_IRQHandler
                0x0000000008000c24                OTG_HS_EP1_IN_IRQHandler
                0x0000000008000c24                DMA1_Stream0_IRQHandler
                0x0000000008000c24                CAN1_TX_IRQHandler
                0x0000000008000c24                EXTI4_IRQHandler
                0x0000000008000c24                FSMC_IRQHandler
                0x0000000008000c24                ETH_IRQHandler
                0x0000000008000c24                OTG_HS_EP1_OUT_IRQHandler
                0x0000000008000c24                WWDG_IRQHandler
                0x0000000008000c24                TIM2_IRQHandler
                0x0000000008000c24                OTG_FS_WKUP_IRQHandler
                0x0000000008000c24                TIM1_TRG_COM_TIM11_IRQHandler
                0x0000000008000c24                OTG_HS_IRQHandler
                0x0000000008000c24                EXTI1_IRQHandler
                0x0000000008000c24                USART2_IRQHandler
                0x0000000008000c24                I2C2_ER_IRQHandler
                0x0000000008000c24                DMA2_Stream1_IRQHandler
                0x0000000008000c24                CAN1_SCE_IRQHandler
                0x0000000008000c24                FLASH_IRQHandler
                0x0000000008000c24                DMA2_Stream4_IRQHandler
                0x0000000008000c24                USART1_IRQHandler
                0x0000000008000c24                OTG_FS_IRQHandler
                0x0000000008000c24                SPI3_IRQHandler
                0x0000000008000c24                DMA1_Stream4_IRQHandler
                0x0000000008000c24                I2C1_ER_IRQHandler
                0x0000000008000c24                DMA2_Stream6_IRQHandler
                0x0000000008000c24                DMA1_Stream3_IRQHandler
 *fill*         0x0000000008000c26        0x2 
 .text.HAL_Init
                0x0000000008000c28       0x44 ./Drivers/STM32F4xx_HAL_Driver/Src/stm32f4xx_hal.o
                0x0000000008000c28                HAL_Init
 .text.HAL_IncTick
                0x0000000008000c6c       0x28 ./Drivers/STM32F4xx_HAL_Driver/Src/stm32f4xx_hal.o
                0x0000000008000c6c                HAL_IncTick
 .text.HAL_GetTick
                0x0000000008000c94       0x18 ./Drivers/STM32F4xx_HAL_Driver/Src/stm32f4xx_hal.o
                0x0000000008000c94                HAL_GetTick
 .text.__NVIC_SetPriorityGrouping
                0x0000000008000cac       0x48 ./Drivers/STM32F4xx_HAL_Driver/Src/stm32f4xx_hal_cortex.o
 .text.__NVIC_GetPriorityGrouping
                0x0000000008000cf4       0x1c ./Drivers/STM32F4xx_HAL_Driver/Src/stm32f4xx_hal_cortex.o
 .text.__NVIC_EnableIRQ
                0x0000000008000d10       0x3c ./Drivers/STM32F4xx_HAL_Driver/Src/stm32f4xx_hal_cortex.o
 .text.__NVIC_SetPriority
                0x0000000008000d4c       0x54 ./Drivers/STM32F4xx_HAL_Driver/Src/stm32f4xx_hal_cortex.o
 .text.NVIC_EncodePriority
                0x0000000008000da0       0x66 ./Drivers/STM32F4xx_HAL_Driver/Src/stm32f4xx_hal_cortex.o
 .text.HAL_NVIC_SetPriorityGrouping
                0x0000000008000e06       0x16 ./Drivers/STM32F4xx_HAL_Driver/Src/stm32f4xx_hal_cortex.o
                0x0000000008000e06                HAL_NVIC_SetPriorityGrouping
 .text.HAL_NVIC_SetPriority
                0x0000000008000e1c       0x38 ./Drivers/STM32F4xx_HAL_Driver/Src/stm32f4xx_hal_cortex.o
                0x0000000008000e1c                HAL_NVIC_SetPriority
 .text.HAL_NVIC_EnableIRQ
                0x0000000008000e54       0x1c ./Drivers/STM32F4xx_HAL_Driver/Src/stm32f4xx_hal_cortex.o
                0x0000000008000e54                HAL_NVIC_EnableIRQ
 .text.HAL_GPIO_Init
                0x0000000008000e70      0x338 ./Drivers/STM32F4xx_HAL_Driver/Src/stm32f4xx_hal_gpio.o
                0x0000000008000e70                HAL_GPIO_Init
 .text.HAL_GPIO_WritePin
                0x00000000080011a8       0x32 ./Drivers/STM32F4xx_HAL_Driver/Src/stm32f4xx_hal_gpio.o
                0x00000000080011a8                HAL_GPIO_WritePin
 *fill*         0x00000000080011da        0x2 
 .text.HAL_RCC_OscConfig
                0x00000000080011dc      0x4f0 ./Drivers/STM32F4xx_HAL_Driver/Src/stm32f4xx_hal_rcc.o
                0x00000000080011dc                HAL_RCC_OscConfig
 .text.HAL_RCC_ClockConfig
                0x00000000080016cc      0x1cc ./Drivers/STM32F4xx_HAL_Driver/Src/stm32f4xx_hal_rcc.o
                0x00000000080016cc                HAL_RCC_ClockConfig
 .text.HAL_RCC_GetSysClockFreq
                0x0000000008001898      0x1c4 ./Drivers/STM32F4xx_HAL_Driver/Src/stm32f4xx_hal_rcc.o
                0x0000000008001898                HAL_RCC_GetSysClockFreq
 .text.HAL_RCC_GetHCLKFreq
                0x0000000008001a5c       0x18 ./Drivers/STM32F4xx_HAL_Driver/Src/stm32f4xx_hal_rcc.o
                0x0000000008001a5c                HAL_RCC_GetHCLKFreq
 .text.HAL_RCC_GetPCLK1Freq
                0x0000000008001a74       0x28 ./Drivers/STM32F4xx_HAL_Driver/Src/stm32f4xx_hal_rcc.o
                0x0000000008001a74                HAL_RCC_GetPCLK1Freq
 .text.HAL_RCC_GetClockConfig
                0x0000000008001a9c       0x64 ./Drivers/STM32F4xx_HAL_Driver/Src/stm32f4xx_hal_rcc.o
                0x0000000008001a9c                HAL_RCC_GetClockConfig
 .text.HAL_TIM_Base_Init
                0x0000000008001b00       0x9e ./Drivers/STM32F4xx_HAL_Driver/Src/stm32f4xx_hal_tim.o
                0x0000000008001b00                HAL_TIM_Base_Init
 .text.HAL_TIM_Base_MspInit
                0x0000000008001b9e       0x14 ./Drivers/STM32F4xx_HAL_Driver/Src/stm32f4xx_hal_tim.o
                0x0000000008001b9e                HAL_TIM_Base_MspInit
 *fill*         0x0000000008001bb2        0x2 
 .text.HAL_TIM_Base_Start_IT
                0x0000000008001bb4       0xe0 ./Drivers/STM32F4xx_HAL_Driver/Src/stm32f4xx_hal_tim.o
                0x0000000008001bb4                HAL_TIM_Base_Start_IT
 .text.HAL_TIM_IRQHandler
                0x0000000008001c94      0x210 ./Drivers/STM32F4xx_HAL_Driver/Src/stm32f4xx_hal_tim.o
                0x0000000008001c94                HAL_TIM_IRQHandler
 .text.HAL_TIM_OC_DelayElapsedCallback
                0x0000000008001ea4       0x14 ./Drivers/STM32F4xx_HAL_Driver/Src/stm32f4xx_hal_tim.o
                0x0000000008001ea4                HAL_TIM_OC_DelayElapsedCallback
 .text.HAL_TIM_IC_CaptureCallback
                0x0000000008001eb8       0x14 ./Drivers/STM32F4xx_HAL_Driver/Src/stm32f4xx_hal_tim.o
                0x0000000008001eb8                HAL_TIM_IC_CaptureCallback
 .text.HAL_TIM_PWM_PulseFinishedCallback
                0x0000000008001ecc       0x14 ./Drivers/STM32F4xx_HAL_Driver/Src/stm32f4xx_hal_tim.o
                0x0000000008001ecc                HAL_TIM_PWM_PulseFinishedCallback
 .text.HAL_TIM_TriggerCallback
                0x0000000008001ee0       0x14 ./Drivers/STM32F4xx_HAL_Driver/Src/stm32f4xx_hal_tim.o
                0x0000000008001ee0                HAL_TIM_TriggerCallback
 .text.TIM_Base_SetConfig
                0x0000000008001ef4      0x140 ./Drivers/STM32F4xx_HAL_Driver/Src/stm32f4xx_hal_tim.o
                0x0000000008001ef4                TIM_Base_SetConfig
 .text.HAL_TIMEx_CommutCallback
                0x0000000008002034       0x14 ./Drivers/STM32F4xx_HAL_Driver/Src/stm32f4xx_hal_tim_ex.o
                0x0000000008002034                HAL_TIMEx_CommutCallback
 .text.HAL_TIMEx_BreakCallback
                0x0000000008002048       0x14 ./Drivers/STM32F4xx_HAL_Driver/Src/stm32f4xx_hal_tim_ex.o
                0x0000000008002048                HAL_TIMEx_BreakCallback
 .text.vListInitialise
                0x000000000800205c       0x40 ./ThardParty/FreeRTOS/list.o
                0x000000000800205c                vListInitialise
 .text.vListInitialiseItem
                0x000000000800209c       0x1a ./ThardParty/FreeRTOS/list.o
                0x000000000800209c                vListInitialiseItem
 .text.vListInsert
                0x00000000080020b6       0x72 ./ThardParty/FreeRTOS/list.o
                0x00000000080020b6                vListInsert
 .text.uxListRemove
                0x0000000008002128       0x54 ./ThardParty/FreeRTOS/list.o
                0x0000000008002128                uxListRemove
 .text.xQueueGenericReset
                0x000000000800217c      0x104 ./ThardParty/FreeRTOS/queue.o
                0x000000000800217c                xQueueGenericReset
 .text.xQueueGenericCreate
                0x0000000008002280       0x9c ./ThardParty/FreeRTOS/queue.o
                0x0000000008002280                xQueueGenericCreate
 .text.prvInitialiseNewQueue
                0x000000000800231c       0x46 ./ThardParty/FreeRTOS/queue.o
 *fill*         0x0000000008002362        0x2 
 .text.xQueueReceive
                0x0000000008002364      0x1a8 ./ThardParty/FreeRTOS/queue.o
                0x0000000008002364                xQueueReceive
 .text.prvCopyDataFromQueue
                0x000000000800250c       0x4c ./ThardParty/FreeRTOS/queue.o
 .text.prvUnlockQueue
                0x0000000008002558       0xa4 ./ThardParty/FreeRTOS/queue.o
 .text.prvIsQueueEmpty
                0x00000000080025fc       0x2c ./ThardParty/FreeRTOS/queue.o
 .text.vQueueAddToRegistry
                0x0000000008002628       0x9c ./ThardParty/FreeRTOS/queue.o
                0x0000000008002628                vQueueAddToRegistry
 .text.vQueueWaitForMessageRestricted
                0x00000000080026c4       0x68 ./ThardParty/FreeRTOS/queue.o
                0x00000000080026c4                vQueueWaitForMessageRestricted
 .text.xTaskCreate
                0x000000000800272c       0x82 ./ThardParty/FreeRTOS/tasks.o
                0x000000000800272c                xTaskCreate
 .text.prvInitialiseNewTask
                0x00000000080027ae      0x148 ./ThardParty/FreeRTOS/tasks.o
 *fill*         0x00000000080028f6        0x2 
 .text.prvAddNewTaskToReadyList
                0x00000000080028f8      0x110 ./ThardParty/FreeRTOS/tasks.o
 .text.vTaskStartScheduler
                0x0000000008002a08       0xa4 ./ThardParty/FreeRTOS/tasks.o
                0x0000000008002a08                vTaskStartScheduler
 .text.vTaskSuspendAll
                0x0000000008002aac       0x1c ./ThardParty/FreeRTOS/tasks.o
                0x0000000008002aac                vTaskSuspendAll
 .text.xTaskResumeAll
                0x0000000008002ac8      0x1dc ./ThardParty/FreeRTOS/tasks.o
                0x0000000008002ac8                xTaskResumeAll
 .text.xTaskGetTickCount
                0x0000000008002ca4       0x20 ./ThardParty/FreeRTOS/tasks.o
                0x0000000008002ca4                xTaskGetTickCount
 .text.xTaskIncrementTick
                0x0000000008002cc4      0x1e8 ./ThardParty/FreeRTOS/tasks.o
                0x0000000008002cc4                xTaskIncrementTick
 .text.vTaskSwitchContext
                0x0000000008002eac       0xb8 ./ThardParty/FreeRTOS/tasks.o
                0x0000000008002eac                vTaskSwitchContext
 .text.vTaskPlaceOnEventList
                0x0000000008002f64       0x48 ./ThardParty/FreeRTOS/tasks.o
                0x0000000008002f64                vTaskPlaceOnEventList
 .text.vTaskPlaceOnEventListRestricted
                0x0000000008002fac       0x8c ./ThardParty/FreeRTOS/tasks.o
                0x0000000008002fac                vTaskPlaceOnEventListRestricted
 .text.xTaskRemoveFromEventList
                0x0000000008003038      0x1ac ./ThardParty/FreeRTOS/tasks.o
                0x0000000008003038                xTaskRemoveFromEventList
 .text.vTaskInternalSetTimeOutState
                0x00000000080031e4       0x2c ./ThardParty/FreeRTOS/tasks.o
                0x00000000080031e4                vTaskInternalSetTimeOutState
 .text.xTaskCheckForTimeOut
                0x0000000008003210       0xcc ./ThardParty/FreeRTOS/tasks.o
                0x0000000008003210                xTaskCheckForTimeOut
 .text.vTaskMissedYield
                0x00000000080032dc       0x18 ./ThardParty/FreeRTOS/tasks.o
                0x00000000080032dc                vTaskMissedYield
 .text.prvIdleTask
                0x00000000080032f4       0x24 ./ThardParty/FreeRTOS/tasks.o
 .text.prvInitialiseTaskLists
                0x0000000008003318       0x80 ./ThardParty/FreeRTOS/tasks.o
 .text.prvCheckTasksWaitingTermination
                0x0000000008003398       0x5c ./ThardParty/FreeRTOS/tasks.o
 .text.prvDeleteTCB
                0x00000000080033f4       0x20 ./ThardParty/FreeRTOS/tasks.o
 .text.prvResetNextTaskUnblockTime
                0x0000000008003414       0x38 ./ThardParty/FreeRTOS/tasks.o
 .text.xTaskGetSchedulerState
                0x000000000800344c       0x3c ./ThardParty/FreeRTOS/tasks.o
                0x000000000800344c                xTaskGetSchedulerState
 .text.prvAddCurrentTaskToDelayedList
                0x0000000008003488      0x100 ./ThardParty/FreeRTOS/tasks.o
 .text.xTimerCreateTimerTask
                0x0000000008003588       0x64 ./ThardParty/FreeRTOS/timers.o
                0x0000000008003588                xTimerCreateTimerTask
 .text.prvReloadTimer
                0x00000000080035ec       0x42 ./ThardParty/FreeRTOS/timers.o
 *fill*         0x000000000800362e        0x2 
 .text.prvProcessExpiredTimer
                0x0000000008003630       0x60 ./ThardParty/FreeRTOS/timers.o
 .text.prvTimerTask
                0x0000000008003690       0x24 ./ThardParty/FreeRTOS/timers.o
 .text.prvProcessTimerOrBlockTask
                0x00000000080036b4       0x9c ./ThardParty/FreeRTOS/timers.o
 .text.prvGetNextExpireTime
                0x0000000008003750       0x48 ./ThardParty/FreeRTOS/timers.o
 .text.prvSampleTimeNow
                0x0000000008003798       0x40 ./ThardParty/FreeRTOS/timers.o
 .text.prvInsertTimerInActiveList
                0x00000000080037d8       0x84 ./ThardParty/FreeRTOS/timers.o
 .text.prvProcessReceivedCommands
                0x000000000800385c      0x17c ./ThardParty/FreeRTOS/timers.o
 .text.prvSwitchTimerLists
                0x00000000080039d8       0x4c ./ThardParty/FreeRTOS/timers.o
 .text.prvCheckForValidListAndQueue
                0x0000000008003a24       0x6c ./ThardParty/FreeRTOS/timers.o
 .text.pxPortInitialiseStack
                0x0000000008003a90       0x68 ./ThardParty/FreeRTOS/portable/GCC/ARM_CM4F/port.o
                0x0000000008003a90                pxPortInitialiseStack
 .text.prvTaskExitError
                0x0000000008003af8       0x58 ./ThardParty/FreeRTOS/portable/GCC/ARM_CM4F/port.o
 .text.SVC_Handler
                0x0000000008003b50       0x28 ./ThardParty/FreeRTOS/portable/GCC/ARM_CM4F/port.o
                0x0000000008003b50                SVC_Handler
 .text.prvPortStartFirstTask
                0x0000000008003b78       0x2c ./ThardParty/FreeRTOS/portable/GCC/ARM_CM4F/port.o
 .text.xPortStartScheduler
                0x0000000008003ba4      0x144 ./ThardParty/FreeRTOS/portable/GCC/ARM_CM4F/port.o
                0x0000000008003ba4                xPortStartScheduler
 .text.vPortEnterCritical
                0x0000000008003ce8       0x60 ./ThardParty/FreeRTOS/portable/GCC/ARM_CM4F/port.o
                0x0000000008003ce8                vPortEnterCritical
 .text.vPortExitCritical
                0x0000000008003d48       0x54 ./ThardParty/FreeRTOS/portable/GCC/ARM_CM4F/port.o
                0x0000000008003d48                vPortExitCritical
 *fill*         0x0000000008003d9c        0x4 
 .text.PendSV_Handler
                0x0000000008003da0       0x68 ./ThardParty/FreeRTOS/portable/GCC/ARM_CM4F/port.o
                0x0000000008003da0                PendSV_Handler
 .text.SysTick_Handler
                0x0000000008003e08       0x44 ./ThardParty/FreeRTOS/portable/GCC/ARM_CM4F/port.o
                0x0000000008003e08                SysTick_Handler
 .text.vPortSetupTimerInterrupt
                0x0000000008003e4c       0x48 ./ThardParty/FreeRTOS/portable/GCC/ARM_CM4F/port.o
                0x0000000008003e4c                vPortSetupTimerInterrupt
 .text.vPortEnableVFP
                0x0000000008003e94       0x18 ./ThardParty/FreeRTOS/portable/GCC/ARM_CM4F/port.o
 .text.pvPortMalloc
                0x0000000008003eac      0x1c0 ./ThardParty/FreeRTOS/portable/MemMang/heap_4.o
                0x0000000008003eac                pvPortMalloc
 .text.vPortFree
                0x000000000800406c       0xc4 ./ThardParty/FreeRTOS/portable/MemMang/heap_4.o
                0x000000000800406c                vPortFree
 .text.prvHeapInit
                0x0000000008004130       0xc4 ./ThardParty/FreeRTOS/portable/MemMang/heap_4.o
 .text.prvInsertBlockIntoFreeList
                0x00000000080041f4       0xb4 ./ThardParty/FreeRTOS/portable/MemMang/heap_4.o
 .text.__libc_init_array
                0x00000000080042a8       0x48 c:/st/stm32cubeide_1.8.0/stm32cubeide/plugins/com.st.stm32cube.ide.mcu.externaltools.gnu-tools-for-stm32.9-2020-q2-update.win32_2.0.0.202105311346/tools/bin/../lib/gcc/arm-none-eabi/9.3.1/../../../../arm-none-eabi/lib/thumb/v7e-m+fp/hard\libc_nano.a(lib_a-init.o)
                0x00000000080042a8                __libc_init_array
 .text.memcpy   0x00000000080042f0       0x1c c:/st/stm32cubeide_1.8.0/stm32cubeide/plugins/com.st.stm32cube.ide.mcu.externaltools.gnu-tools-for-stm32.9-2020-q2-update.win32_2.0.0.202105311346/tools/bin/../lib/gcc/arm-none-eabi/9.3.1/../../../../arm-none-eabi/lib/thumb/v7e-m+fp/hard\libc_nano.a(lib_a-memcpy-stub.o)
                0x00000000080042f0                memcpy
 .text.memset   0x000000000800430c       0x10 c:/st/stm32cubeide_1.8.0/stm32cubeide/plugins/com.st.stm32cube.ide.mcu.externaltools.gnu-tools-for-stm32.9-2020-q2-update.win32_2.0.0.202105311346/tools/bin/../lib/gcc/arm-none-eabi/9.3.1/../../../../arm-none-eabi/lib/thumb/v7e-m+fp/hard\libc_nano.a(lib_a-memset.o)
                0x000000000800430c                memset
 .text._puts_r  0x000000000800431c       0xdc c:/st/stm32cubeide_1.8.0/stm32cubeide/plugins/com.st.stm32cube.ide.mcu.externaltools.gnu-tools-for-stm32.9-2020-q2-update.win32_2.0.0.202105311346/tools/bin/../lib/gcc/arm-none-eabi/9.3.1/../../../../arm-none-eabi/lib/thumb/v7e-m+fp/hard\libc_nano.a(lib_a-puts.o)
                0x000000000800431c                _puts_r
 .text.puts     0x00000000080043f8       0x10 c:/st/stm32cubeide_1.8.0/stm32cubeide/plugins/com.st.stm32cube.ide.mcu.externaltools.gnu-tools-for-stm32.9-2020-q2-update.win32_2.0.0.202105311346/tools/bin/../lib/gcc/arm-none-eabi/9.3.1/../../../../arm-none-eabi/lib/thumb/v7e-m+fp/hard\libc_nano.a(lib_a-puts.o)
                0x00000000080043f8                puts
 .text.__swbuf_r
                0x0000000008004408       0xa4 c:/st/stm32cubeide_1.8.0/stm32cubeide/plugins/com.st.stm32cube.ide.mcu.externaltools.gnu-tools-for-stm32.9-2020-q2-update.win32_2.0.0.202105311346/tools/bin/../lib/gcc/arm-none-eabi/9.3.1/../../../../arm-none-eabi/lib/thumb/v7e-m+fp/hard\libc_nano.a(lib_a-wbuf.o)
                0x0000000008004408                __swbuf_r
 .text.__swsetup_r
                0x00000000080044ac       0xdc c:/st/stm32cubeide_1.8.0/stm32cubeide/plugins/com.st.stm32cube.ide.mcu.externaltools.gnu-tools-for-stm32.9-2020-q2-update.win32_2.0.0.202105311346/tools/bin/../lib/gcc/arm-none-eabi/9.3.1/../../../../arm-none-eabi/lib/thumb/v7e-m+fp/hard\libc_nano.a(lib_a-wsetup.o)
                0x00000000080044ac                __swsetup_r
 .text.__sflush_r
                0x0000000008004588      0x10c c:/st/stm32cubeide_1.8.0/stm32cubeide/plugins/com.st.stm32cube.ide.mcu.externaltools.gnu-tools-for-stm32.9-2020-q2-update.win32_2.0.0.202105311346/tools/bin/../lib/gcc/arm-none-eabi/9.3.1/../../../../arm-none-eabi/lib/thumb/v7e-m+fp/hard\libc_nano.a(lib_a-fflush.o)
                0x0000000008004588                __sflush_r
 .text._fflush_r
                0x0000000008004694       0x78 c:/st/stm32cubeide_1.8.0/stm32cubeide/plugins/com.st.stm32cube.ide.mcu.externaltools.gnu-tools-for-stm32.9-2020-q2-update.win32_2.0.0.202105311346/tools/bin/../lib/gcc/arm-none-eabi/9.3.1/../../../../arm-none-eabi/lib/thumb/v7e-m+fp/hard\libc_nano.a(lib_a-fflush.o)
                0x0000000008004694                _fflush_r
 .text.std      0x000000000800470c       0x48 c:/st/stm32cubeide_1.8.0/stm32cubeide/plugins/com.st.stm32cube.ide.mcu.externaltools.gnu-tools-for-stm32.9-2020-q2-update.win32_2.0.0.202105311346/tools/bin/../lib/gcc/arm-none-eabi/9.3.1/../../../../arm-none-eabi/lib/thumb/v7e-m+fp/hard\libc_nano.a(lib_a-findfp.o)
 .text._cleanup_r
                0x0000000008004754        0xc c:/st/stm32cubeide_1.8.0/stm32cubeide/plugins/com.st.stm32cube.ide.mcu.externaltools.gnu-tools-for-stm32.9-2020-q2-update.win32_2.0.0.202105311346/tools/bin/../lib/gcc/arm-none-eabi/9.3.1/../../../../arm-none-eabi/lib/thumb/v7e-m+fp/hard\libc_nano.a(lib_a-findfp.o)
                0x0000000008004754                _cleanup_r
 .text.__sfmoreglue
                0x0000000008004760       0x2c c:/st/stm32cubeide_1.8.0/stm32cubeide/plugins/com.st.stm32cube.ide.mcu.externaltools.gnu-tools-for-stm32.9-2020-q2-update.win32_2.0.0.202105311346/tools/bin/../lib/gcc/arm-none-eabi/9.3.1/../../../../arm-none-eabi/lib/thumb/v7e-m+fp/hard\libc_nano.a(lib_a-findfp.o)
                0x0000000008004760                __sfmoreglue
 .text.__sfp_lock_acquire
                0x000000000800478c        0xc c:/st/stm32cubeide_1.8.0/stm32cubeide/plugins/com.st.stm32cube.ide.mcu.externaltools.gnu-tools-for-stm32.9-2020-q2-update.win32_2.0.0.202105311346/tools/bin/../lib/gcc/arm-none-eabi/9.3.1/../../../../arm-none-eabi/lib/thumb/v7e-m+fp/hard\libc_nano.a(lib_a-findfp.o)
                0x000000000800478c                __sfp_lock_acquire
 .text.__sfp_lock_release
                0x0000000008004798        0xc c:/st/stm32cubeide_1.8.0/stm32cubeide/plugins/com.st.stm32cube.ide.mcu.externaltools.gnu-tools-for-stm32.9-2020-q2-update.win32_2.0.0.202105311346/tools/bin/../lib/gcc/arm-none-eabi/9.3.1/../../../../arm-none-eabi/lib/thumb/v7e-m+fp/hard\libc_nano.a(lib_a-findfp.o)
                0x0000000008004798                __sfp_lock_release
 .text.__sinit_lock_acquire
                0x00000000080047a4        0xc c:/st/stm32cubeide_1.8.0/stm32cubeide/plugins/com.st.stm32cube.ide.mcu.externaltools.gnu-tools-for-stm32.9-2020-q2-update.win32_2.0.0.202105311346/tools/bin/../lib/gcc/arm-none-eabi/9.3.1/../../../../arm-none-eabi/lib/thumb/v7e-m+fp/hard\libc_nano.a(lib_a-findfp.o)
                0x00000000080047a4                __sinit_lock_acquire
 .text.__sinit_lock_release
                0x00000000080047b0        0xc c:/st/stm32cubeide_1.8.0/stm32cubeide/plugins/com.st.stm32cube.ide.mcu.externaltools.gnu-tools-for-stm32.9-2020-q2-update.win32_2.0.0.202105311346/tools/bin/../lib/gcc/arm-none-eabi/9.3.1/../../../../arm-none-eabi/lib/thumb/v7e-m+fp/hard\libc_nano.a(lib_a-findfp.o)
                0x00000000080047b0                __sinit_lock_release
 .text.__sinit  0x00000000080047bc       0x70 c:/st/stm32cubeide_1.8.0/stm32cubeide/plugins/com.st.stm32cube.ide.mcu.externaltools.gnu-tools-for-stm32.9-2020-q2-update.win32_2.0.0.202105311346/tools/bin/../lib/gcc/arm-none-eabi/9.3.1/../../../../arm-none-eabi/lib/thumb/v7e-m+fp/hard\libc_nano.a(lib_a-findfp.o)
                0x00000000080047bc                __sinit
 .text.__sfp    0x000000000800482c       0x8c c:/st/stm32cubeide_1.8.0/stm32cubeide/plugins/com.st.stm32cube.ide.mcu.externaltools.gnu-tools-for-stm32.9-2020-q2-update.win32_2.0.0.202105311346/tools/bin/../lib/gcc/arm-none-eabi/9.3.1/../../../../arm-none-eabi/lib/thumb/v7e-m+fp/hard\libc_nano.a(lib_a-findfp.o)
                0x000000000800482c                __sfp
 .text._fwalk_reent
                0x00000000080048b8       0x3e c:/st/stm32cubeide_1.8.0/stm32cubeide/plugins/com.st.stm32cube.ide.mcu.externaltools.gnu-tools-for-stm32.9-2020-q2-update.win32_2.0.0.202105311346/tools/bin/../lib/gcc/arm-none-eabi/9.3.1/../../../../arm-none-eabi/lib/thumb/v7e-m+fp/hard\libc_nano.a(lib_a-fwalk.o)
                0x00000000080048b8                _fwalk_reent
 .text.__retarget_lock_init_recursive
                0x00000000080048f6        0x2 c:/st/stm32cubeide_1.8.0/stm32cubeide/plugins/com.st.stm32cube.ide.mcu.externaltools.gnu-tools-for-stm32.9-2020-q2-update.win32_2.0.0.202105311346/tools/bin/../lib/gcc/arm-none-eabi/9.3.1/../../../../arm-none-eabi/lib/thumb/v7e-m+fp/hard\libc_nano.a(lib_a-lock.o)
                0x00000000080048f6                __retarget_lock_init_recursive
 .text.__retarget_lock_acquire_recursive
                0x00000000080048f8        0x2 c:/st/stm32cubeide_1.8.0/stm32cubeide/plugins/com.st.stm32cube.ide.mcu.externaltools.gnu-tools-for-stm32.9-2020-q2-update.win32_2.0.0.202105311346/tools/bin/../lib/gcc/arm-none-eabi/9.3.1/../../../../arm-none-eabi/lib/thumb/v7e-m+fp/hard\libc_nano.a(lib_a-lock.o)
                0x00000000080048f8                __retarget_lock_acquire_recursive
 .text.__retarget_lock_release_recursive
                0x00000000080048fa        0x2 c:/st/stm32cubeide_1.8.0/stm32cubeide/plugins/com.st.stm32cube.ide.mcu.externaltools.gnu-tools-for-stm32.9-2020-q2-update.win32_2.0.0.202105311346/tools/bin/../lib/gcc/arm-none-eabi/9.3.1/../../../../arm-none-eabi/lib/thumb/v7e-m+fp/hard\libc_nano.a(lib_a-lock.o)
                0x00000000080048fa                __retarget_lock_release_recursive
 .text.__swhatbuf_r
                0x00000000080048fc       0x48 c:/st/stm32cubeide_1.8.0/stm32cubeide/plugins/com.st.stm32cube.ide.mcu.externaltools.gnu-tools-for-stm32.9-2020-q2-update.win32_2.0.0.202105311346/tools/bin/../lib/gcc/arm-none-eabi/9.3.1/../../../../arm-none-eabi/lib/thumb/v7e-m+fp/hard\libc_nano.a(lib_a-makebuf.o)
                0x00000000080048fc                __swhatbuf_r
 .text.__smakebuf_r
                0x0000000008004944       0x80 c:/st/stm32cubeide_1.8.0/stm32cubeide/plugins/com.st.stm32cube.ide.mcu.externaltools.gnu-tools-for-stm32.9-2020-q2-update.win32_2.0.0.202105311346/tools/bin/../lib/gcc/arm-none-eabi/9.3.1/../../../../arm-none-eabi/lib/thumb/v7e-m+fp/hard\libc_nano.a(lib_a-makebuf.o)
                0x0000000008004944                __smakebuf_r
 .text._free_r  0x00000000080049c4       0xa0 c:/st/stm32cubeide_1.8.0/stm32cubeide/plugins/com.st.stm32cube.ide.mcu.externaltools.gnu-tools-for-stm32.9-2020-q2-update.win32_2.0.0.202105311346/tools/bin/../lib/gcc/arm-none-eabi/9.3.1/../../../../arm-none-eabi/lib/thumb/v7e-m+fp/hard\libc_nano.a(lib_a-nano-freer.o)
                0x00000000080049c4                _free_r
 .text._malloc_r
                0x0000000008004a64       0xb4 c:/st/stm32cubeide_1.8.0/stm32cubeide/plugins/com.st.stm32cube.ide.mcu.externaltools.gnu-tools-for-stm32.9-2020-q2-update.win32_2.0.0.202105311346/tools/bin/../lib/gcc/arm-none-eabi/9.3.1/../../../../arm-none-eabi/lib/thumb/v7e-m+fp/hard\libc_nano.a(lib_a-nano-mallocr.o)
                0x0000000008004a64                _malloc_r
 .text._sbrk_r  0x0000000008004b18       0x20 c:/st/stm32cubeide_1.8.0/stm32cubeide/plugins/com.st.stm32cube.ide.mcu.externaltools.gnu-tools-for-stm32.9-2020-q2-update.win32_2.0.0.202105311346/tools/bin/../lib/gcc/arm-none-eabi/9.3.1/../../../../arm-none-eabi/lib/thumb/v7e-m+fp/hard\libc_nano.a(lib_a-sbrkr.o)
                0x0000000008004b18                _sbrk_r
 .text.__sread  0x0000000008004b38       0x22 c:/st/stm32cubeide_1.8.0/stm32cubeide/plugins/com.st.stm32cube.ide.mcu.externaltools.gnu-tools-for-stm32.9-2020-q2-update.win32_2.0.0.202105311346/tools/bin/../lib/gcc/arm-none-eabi/9.3.1/../../../../arm-none-eabi/lib/thumb/v7e-m+fp/hard\libc_nano.a(lib_a-stdio.o)
                0x0000000008004b38                __sread
 .text.__swrite
                0x0000000008004b5a       0x38 c:/st/stm32cubeide_1.8.0/stm32cubeide/plugins/com.st.stm32cube.ide.mcu.externaltools.gnu-tools-for-stm32.9-2020-q2-update.win32_2.0.0.202105311346/tools/bin/../lib/gcc/arm-none-eabi/9.3.1/../../../../arm-none-eabi/lib/thumb/v7e-m+fp/hard\libc_nano.a(lib_a-stdio.o)
                0x0000000008004b5a                __swrite
 .text.__sseek  0x0000000008004b92       0x24 c:/st/stm32cubeide_1.8.0/stm32cubeide/plugins/com.st.stm32cube.ide.mcu.externaltools.gnu-tools-for-stm32.9-2020-q2-update.win32_2.0.0.202105311346/tools/bin/../lib/gcc/arm-none-eabi/9.3.1/../../../../arm-none-eabi/lib/thumb/v7e-m+fp/hard\libc_nano.a(lib_a-stdio.o)
                0x0000000008004b92                __sseek
 .text.__sclose
                0x0000000008004bb6        0x8 c:/st/stm32cubeide_1.8.0/stm32cubeide/plugins/com.st.stm32cube.ide.mcu.externaltools.gnu-tools-for-stm32.9-2020-q2-update.win32_2.0.0.202105311346/tools/bin/../lib/gcc/arm-none-eabi/9.3.1/../../../../arm-none-eabi/lib/thumb/v7e-m+fp/hard\libc_nano.a(lib_a-stdio.o)
                0x0000000008004bb6                __sclose
 *fill*         0x0000000008004bbe        0x2 
 .text._write_r
                0x0000000008004bc0       0x24 c:/st/stm32cubeide_1.8.0/stm32cubeide/plugins/com.st.stm32cube.ide.mcu.externaltools.gnu-tools-for-stm32.9-2020-q2-update.win32_2.0.0.202105311346/tools/bin/../lib/gcc/arm-none-eabi/9.3.1/../../../../arm-none-eabi/lib/thumb/v7e-m+fp/hard\libc_nano.a(lib_a-writer.o)
                0x0000000008004bc0                _write_r
 .text._close_r
                0x0000000008004be4       0x20 c:/st/stm32cubeide_1.8.0/stm32cubeide/plugins/com.st.stm32cube.ide.mcu.externaltools.gnu-tools-for-stm32.9-2020-q2-update.win32_2.0.0.202105311346/tools/bin/../lib/gcc/arm-none-eabi/9.3.1/../../../../arm-none-eabi/lib/thumb/v7e-m+fp/hard\libc_nano.a(lib_a-closer.o)
                0x0000000008004be4                _close_r
 .text._fstat_r
                0x0000000008004c04       0x24 c:/st/stm32cubeide_1.8.0/stm32cubeide/plugins/com.st.stm32cube.ide.mcu.externaltools.gnu-tools-for-stm32.9-2020-q2-update.win32_2.0.0.202105311346/tools/bin/../lib/gcc/arm-none-eabi/9.3.1/../../../../arm-none-eabi/lib/thumb/v7e-m+fp/hard\libc_nano.a(lib_a-fstatr.o)
                0x0000000008004c04                _fstat_r
 .text._isatty_r
                0x0000000008004c28       0x20 c:/st/stm32cubeide_1.8.0/stm32cubeide/plugins/com.st.stm32cube.ide.mcu.externaltools.gnu-tools-for-stm32.9-2020-q2-update.win32_2.0.0.202105311346/tools/bin/../lib/gcc/arm-none-eabi/9.3.1/../../../../arm-none-eabi/lib/thumb/v7e-m+fp/hard\libc_nano.a(lib_a-isattyr.o)
                0x0000000008004c28                _isatty_r
 .text._lseek_r
                0x0000000008004c48       0x24 c:/st/stm32cubeide_1.8.0/stm32cubeide/plugins/com.st.stm32cube.ide.mcu.externaltools.gnu-tools-for-stm32.9-2020-q2-update.win32_2.0.0.202105311346/tools/bin/../lib/gcc/arm-none-eabi/9.3.1/../../../../arm-none-eabi/lib/thumb/v7e-m+fp/hard\libc_nano.a(lib_a-lseekr.o)
                0x0000000008004c48                _lseek_r
 .text.__malloc_lock
                0x0000000008004c6c        0xc c:/st/stm32cubeide_1.8.0/stm32cubeide/plugins/com.st.stm32cube.ide.mcu.externaltools.gnu-tools-for-stm32.9-2020-q2-update.win32_2.0.0.202105311346/tools/bin/../lib/gcc/arm-none-eabi/9.3.1/../../../../arm-none-eabi/lib/thumb/v7e-m+fp/hard\libc_nano.a(lib_a-mlock.o)
                0x0000000008004c6c                __malloc_lock
 .text.__malloc_unlock
                0x0000000008004c78        0xc c:/st/stm32cubeide_1.8.0/stm32cubeide/plugins/com.st.stm32cube.ide.mcu.externaltools.gnu-tools-for-stm32.9-2020-q2-update.win32_2.0.0.202105311346/tools/bin/../lib/gcc/arm-none-eabi/9.3.1/../../../../arm-none-eabi/lib/thumb/v7e-m+fp/hard\libc_nano.a(lib_a-mlock.o)
                0x0000000008004c78                __malloc_unlock
 .text._read_r  0x0000000008004c84       0x24 c:/st/stm32cubeide_1.8.0/stm32cubeide/plugins/com.st.stm32cube.ide.mcu.externaltools.gnu-tools-for-stm32.9-2020-q2-update.win32_2.0.0.202105311346/tools/bin/../lib/gcc/arm-none-eabi/9.3.1/../../../../arm-none-eabi/lib/thumb/v7e-m+fp/hard\libc_nano.a(lib_a-readr.o)
                0x0000000008004c84                _read_r
 .text._sbrk    0x0000000008004ca8       0x1c c:/st/stm32cubeide_1.8.0/stm32cubeide/plugins/com.st.stm32cube.ide.mcu.externaltools.gnu-tools-for-stm32.9-2020-q2-update.win32_2.0.0.202105311346/tools/bin/../lib/gcc/arm-none-eabi/9.3.1/../../../../arm-none-eabi/lib/thumb/v7e-m+fp/hard\libnosys.a(sbrk.o)
                0x0000000008004ca8                _sbrk
 *(.glue_7)
 .glue_7        0x0000000008004cc4        0x0 linker stubs
 *(.glue_7t)
 .glue_7t       0x0000000008004cc4        0x0 linker stubs
 *(.eh_frame)
 .eh_frame      0x0000000008004cc4        0x0 c:/st/stm32cubeide_1.8.0/stm32cubeide/plugins/com.st.stm32cube.ide.mcu.externaltools.gnu-tools-for-stm32.9-2020-q2-update.win32_2.0.0.202105311346/tools/bin/../lib/gcc/arm-none-eabi/9.3.1/thumb/v7e-m+fp/hard/crtbegin.o
 *(.init)
 .init          0x0000000008004cc4        0x4 c:/st/stm32cubeide_1.8.0/stm32cubeide/plugins/com.st.stm32cube.ide.mcu.externaltools.gnu-tools-for-stm32.9-2020-q2-update.win32_2.0.0.202105311346/tools/bin/../lib/gcc/arm-none-eabi/9.3.1/thumb/v7e-m+fp/hard/crti.o
                0x0000000008004cc4                _init
 .init          0x0000000008004cc8        0x8 c:/st/stm32cubeide_1.8.0/stm32cubeide/plugins/com.st.stm32cube.ide.mcu.externaltools.gnu-tools-for-stm32.9-2020-q2-update.win32_2.0.0.202105311346/tools/bin/../lib/gcc/arm-none-eabi/9.3.1/thumb/v7e-m+fp/hard/crtn.o
 *(.fini)
 .fini          0x0000000008004cd0        0x4 c:/st/stm32cubeide_1.8.0/stm32cubeide/plugins/com.st.stm32cube.ide.mcu.externaltools.gnu-tools-for-stm32.9-2020-q2-update.win32_2.0.0.202105311346/tools/bin/../lib/gcc/arm-none-eabi/9.3.1/thumb/v7e-m+fp/hard/crti.o
                0x0000000008004cd0                _fini
 .fini          0x0000000008004cd4        0x8 c:/st/stm32cubeide_1.8.0/stm32cubeide/plugins/com.st.stm32cube.ide.mcu.externaltools.gnu-tools-for-stm32.9-2020-q2-update.win32_2.0.0.202105311346/tools/bin/../lib/gcc/arm-none-eabi/9.3.1/thumb/v7e-m+fp/hard/crtn.o
                0x0000000008004cdc                . = ALIGN (0x4)
                0x0000000008004cdc                _etext = .

.vfp11_veneer   0x0000000008004cdc        0x0
 .vfp11_veneer  0x0000000008004cdc        0x0 linker stubs

.v4_bx          0x0000000008004cdc        0x0
 .v4_bx         0x0000000008004cdc        0x0 linker stubs

.iplt           0x0000000008004cdc        0x0
 .iplt          0x0000000008004cdc        0x0 c:/st/stm32cubeide_1.8.0/stm32cubeide/plugins/com.st.stm32cube.ide.mcu.externaltools.gnu-tools-for-stm32.9-2020-q2-update.win32_2.0.0.202105311346/tools/bin/../lib/gcc/arm-none-eabi/9.3.1/thumb/v7e-m+fp/hard/crtbegin.o

.rodata         0x0000000008004cdc       0xd4
                0x0000000008004cdc                . = ALIGN (0x4)
 *(.rodata)
 .rodata        0x0000000008004cdc       0x3f ./Core/Src/main.o
 *fill*         0x0000000008004d1b        0x1 
 .rodata        0x0000000008004d1c        0x5 ./ThardParty/FreeRTOS/tasks.o
 *fill*         0x0000000008004d21        0x3 
 .rodata        0x0000000008004d24        0xd ./ThardParty/FreeRTOS/timers.o
 *(.rodata*)
 *fill*         0x0000000008004d31        0x3 
 .rodata.AHBPrescTable
                0x0000000008004d34       0x10 ./Core/Src/system_stm32f4xx.o
                0x0000000008004d34                AHBPrescTable
 .rodata.APBPrescTable
                0x0000000008004d44        0x8 ./Core/Src/system_stm32f4xx.o
                0x0000000008004d44                APBPrescTable
 .rodata._global_impure_ptr
                0x0000000008004d4c        0x4 c:/st/stm32cubeide_1.8.0/stm32cubeide/plugins/com.st.stm32cube.ide.mcu.externaltools.gnu-tools-for-stm32.9-2020-q2-update.win32_2.0.0.202105311346/tools/bin/../lib/gcc/arm-none-eabi/9.3.1/../../../../arm-none-eabi/lib/thumb/v7e-m+fp/hard\libc_nano.a(lib_a-impure.o)
                0x0000000008004d4c                _global_impure_ptr
 .rodata.__sf_fake_stderr
                0x0000000008004d50       0x20 c:/st/stm32cubeide_1.8.0/stm32cubeide/plugins/com.st.stm32cube.ide.mcu.externaltools.gnu-tools-for-stm32.9-2020-q2-update.win32_2.0.0.202105311346/tools/bin/../lib/gcc/arm-none-eabi/9.3.1/../../../../arm-none-eabi/lib/thumb/v7e-m+fp/hard\libc_nano.a(lib_a-findfp.o)
                0x0000000008004d50                __sf_fake_stderr
 .rodata.__sf_fake_stdin
                0x0000000008004d70       0x20 c:/st/stm32cubeide_1.8.0/stm32cubeide/plugins/com.st.stm32cube.ide.mcu.externaltools.gnu-tools-for-stm32.9-2020-q2-update.win32_2.0.0.202105311346/tools/bin/../lib/gcc/arm-none-eabi/9.3.1/../../../../arm-none-eabi/lib/thumb/v7e-m+fp/hard\libc_nano.a(lib_a-findfp.o)
                0x0000000008004d70                __sf_fake_stdin
 .rodata.__sf_fake_stdout
                0x0000000008004d90       0x20 c:/st/stm32cubeide_1.8.0/stm32cubeide/plugins/com.st.stm32cube.ide.mcu.externaltools.gnu-tools-for-stm32.9-2020-q2-update.win32_2.0.0.202105311346/tools/bin/../lib/gcc/arm-none-eabi/9.3.1/../../../../arm-none-eabi/lib/thumb/v7e-m+fp/hard\libc_nano.a(lib_a-findfp.o)
                0x0000000008004d90                __sf_fake_stdout
                0x0000000008004db0                . = ALIGN (0x4)

.ARM.extab      0x0000000008004db0        0x0
                0x0000000008004db0                . = ALIGN (0x4)
 *(.ARM.extab* .gnu.linkonce.armextab.*)
                0x0000000008004db0                . = ALIGN (0x4)

.ARM            0x0000000008004db0        0x8
                0x0000000008004db0                . = ALIGN (0x4)
                0x0000000008004db0                __exidx_start = .
 *(.ARM.exidx*)
 .ARM.exidx     0x0000000008004db0        0x8 c:/st/stm32cubeide_1.8.0/stm32cubeide/plugins/com.st.stm32cube.ide.mcu.externaltools.gnu-tools-for-stm32.9-2020-q2-update.win32_2.0.0.202105311346/tools/bin/../lib/gcc/arm-none-eabi/9.3.1/thumb/v7e-m+fp/hard\libgcc.a(_udivmoddi4.o)
                0x0000000008004db8                __exidx_end = .
                0x0000000008004db8                . = ALIGN (0x4)

.rel.dyn        0x0000000008004db8        0x0
 .rel.iplt      0x0000000008004db8        0x0 c:/st/stm32cubeide_1.8.0/stm32cubeide/plugins/com.st.stm32cube.ide.mcu.externaltools.gnu-tools-for-stm32.9-2020-q2-update.win32_2.0.0.202105311346/tools/bin/../lib/gcc/arm-none-eabi/9.3.1/thumb/v7e-m+fp/hard/crtbegin.o

.preinit_array  0x0000000008004db8        0x0
                0x0000000008004db8                . = ALIGN (0x4)
                0x0000000008004db8                PROVIDE (__preinit_array_start = .)
 *(.preinit_array*)
                0x0000000008004db8                PROVIDE (__preinit_array_end = .)
                0x0000000008004db8                . = ALIGN (0x4)

.init_array     0x0000000008004db8        0x4
                0x0000000008004db8                . = ALIGN (0x4)
                0x0000000008004db8                PROVIDE (__init_array_start = .)
 *(SORT_BY_NAME(.init_array.*))
 *(.init_array*)
 .init_array    0x0000000008004db8        0x4 c:/st/stm32cubeide_1.8.0/stm32cubeide/plugins/com.st.stm32cube.ide.mcu.externaltools.gnu-tools-for-stm32.9-2020-q2-update.win32_2.0.0.202105311346/tools/bin/../lib/gcc/arm-none-eabi/9.3.1/thumb/v7e-m+fp/hard/crtbegin.o
                0x0000000008004dbc                PROVIDE (__init_array_end = .)
                0x0000000008004dbc                . = ALIGN (0x4)

.fini_array     0x0000000008004dbc        0x4
                0x0000000008004dbc                . = ALIGN (0x4)
                [!provide]                        PROVIDE (__fini_array_start = .)
 *(SORT_BY_NAME(.fini_array.*))
 *(.fini_array*)
 .fini_array    0x0000000008004dbc        0x4 c:/st/stm32cubeide_1.8.0/stm32cubeide/plugins/com.st.stm32cube.ide.mcu.externaltools.gnu-tools-for-stm32.9-2020-q2-update.win32_2.0.0.202105311346/tools/bin/../lib/gcc/arm-none-eabi/9.3.1/thumb/v7e-m+fp/hard/crtbegin.o
                [!provide]                        PROVIDE (__fini_array_end = .)
                0x0000000008004dc0                . = ALIGN (0x4)
                0x0000000008004dc0                _sidata = LOADADDR (.data)

.data           0x0000000020000000       0x78 load address 0x0000000008004dc0
                0x0000000020000000                . = ALIGN (0x4)
                0x0000000020000000                _sdata = .
 *(.data)
 *(.data*)
 .data.SystemCoreClock
                0x0000000020000000        0x4 ./Core/Src/system_stm32f4xx.o
                0x0000000020000000                SystemCoreClock
 .data.uwTickPrio
                0x0000000020000004        0x4 ./Drivers/STM32F4xx_HAL_Driver/Src/stm32f4xx_hal.o
                0x0000000020000004                uwTickPrio
 .data.uwTickFreq
                0x0000000020000008        0x1 ./Drivers/STM32F4xx_HAL_Driver/Src/stm32f4xx_hal.o
                0x0000000020000008                uwTickFreq
 *fill*         0x0000000020000009        0x3 
 .data.uxTopUsedPriority
                0x000000002000000c        0x4 ./ThardParty/FreeRTOS/tasks.o
                0x000000002000000c                uxTopUsedPriority
 .data.uxCriticalNesting
                0x0000000020000010        0x4 ./ThardParty/FreeRTOS/portable/GCC/ARM_CM4F/port.o
 .data._impure_ptr
                0x0000000020000014        0x4 c:/st/stm32cubeide_1.8.0/stm32cubeide/plugins/com.st.stm32cube.ide.mcu.externaltools.gnu-tools-for-stm32.9-2020-q2-update.win32_2.0.0.202105311346/tools/bin/../lib/gcc/arm-none-eabi/9.3.1/../../../../arm-none-eabi/lib/thumb/v7e-m+fp/hard\libc_nano.a(lib_a-impure.o)
                0x0000000020000014                _impure_ptr
 .data.impure_data
                0x0000000020000018       0x60 c:/st/stm32cubeide_1.8.0/stm32cubeide/plugins/com.st.stm32cube.ide.mcu.externaltools.gnu-tools-for-stm32.9-2020-q2-update.win32_2.0.0.202105311346/tools/bin/../lib/gcc/arm-none-eabi/9.3.1/../../../../arm-none-eabi/lib/thumb/v7e-m+fp/hard\libc_nano.a(lib_a-impure.o)
 *(.RamFunc)
 *(.RamFunc*)
                0x0000000020000078                . = ALIGN (0x4)
                0x0000000020000078                _edata = .
                0x0000000008004e38                _siccmram = LOADADDR (.ccmram)

.igot.plt       0x0000000020000078        0x0 load address 0x0000000008004e38
 .igot.plt      0x0000000020000078        0x0 c:/st/stm32cubeide_1.8.0/stm32cubeide/plugins/com.st.stm32cube.ide.mcu.externaltools.gnu-tools-for-stm32.9-2020-q2-update.win32_2.0.0.202105311346/tools/bin/../lib/gcc/arm-none-eabi/9.3.1/thumb/v7e-m+fp/hard/crtbegin.o

.ccmram         0x0000000010000000        0x0 load address 0x0000000008004e38
                0x0000000010000000                . = ALIGN (0x4)
                0x0000000010000000                _sccmram = .
 *(.ccmram)
 *(.ccmram*)
                0x0000000010000000                . = ALIGN (0x4)
                0x0000000010000000                _eccmram = .
                0x0000000010000000                . = ALIGN (0x4)

.bss            0x0000000020000078    0x12e2c
                0x0000000020000078                _sbss = .
                0x0000000020000078                __bss_start__ = _sbss
 *(.bss)
 .bss           0x0000000020000078       0x1c c:/st/stm32cubeide_1.8.0/stm32cubeide/plugins/com.st.stm32cube.ide.mcu.externaltools.gnu-tools-for-stm32.9-2020-q2-update.win32_2.0.0.202105311346/tools/bin/../lib/gcc/arm-none-eabi/9.3.1/thumb/v7e-m+fp/hard/crtbegin.o
 *(.bss*)
 .bss.pxCurrentTCB
                0x0000000020000094        0x4 ./ThardParty/FreeRTOS/tasks.o
                0x0000000020000094                pxCurrentTCB
 .bss.pxReadyTasksLists
                0x0000000020000098       0x64 ./ThardParty/FreeRTOS/tasks.o
 .bss.xDelayedTaskList1
                0x00000000200000fc       0x14 ./ThardParty/FreeRTOS/tasks.o
 .bss.xDelayedTaskList2
                0x0000000020000110       0x14 ./ThardParty/FreeRTOS/tasks.o
 .bss.pxDelayedTaskList
                0x0000000020000124        0x4 ./ThardParty/FreeRTOS/tasks.o
 .bss.pxOverflowDelayedTaskList
                0x0000000020000128        0x4 ./ThardParty/FreeRTOS/tasks.o
 .bss.xPendingReadyList
                0x000000002000012c       0x14 ./ThardParty/FreeRTOS/tasks.o
 .bss.xTasksWaitingTermination
                0x0000000020000140       0x14 ./ThardParty/FreeRTOS/tasks.o
 .bss.uxDeletedTasksWaitingCleanUp
                0x0000000020000154        0x4 ./ThardParty/FreeRTOS/tasks.o
 .bss.xSuspendedTaskList
                0x0000000020000158       0x14 ./ThardParty/FreeRTOS/tasks.o
 .bss.uxCurrentNumberOfTasks
                0x000000002000016c        0x4 ./ThardParty/FreeRTOS/tasks.o
 .bss.xTickCount
                0x0000000020000170        0x4 ./ThardParty/FreeRTOS/tasks.o
 .bss.uxTopReadyPriority
                0x0000000020000174        0x4 ./ThardParty/FreeRTOS/tasks.o
 .bss.xSchedulerRunning
                0x0000000020000178        0x4 ./ThardParty/FreeRTOS/tasks.o
 .bss.xPendedTicks
                0x000000002000017c        0x4 ./ThardParty/FreeRTOS/tasks.o
 .bss.xYieldPending
                0x0000000020000180        0x4 ./ThardParty/FreeRTOS/tasks.o
 .bss.xNumOfOverflows
                0x0000000020000184        0x4 ./ThardParty/FreeRTOS/tasks.o
 .bss.uxTaskNumber
                0x0000000020000188        0x4 ./ThardParty/FreeRTOS/tasks.o
 .bss.xNextTaskUnblockTime
                0x000000002000018c        0x4 ./ThardParty/FreeRTOS/tasks.o
 .bss.xIdleTaskHandle
                0x0000000020000190        0x4 ./ThardParty/FreeRTOS/tasks.o
 .bss.uxSchedulerSuspended
                0x0000000020000194        0x4 ./ThardParty/FreeRTOS/tasks.o
 .bss.xActiveTimerList1
                0x0000000020000198       0x14 ./ThardParty/FreeRTOS/timers.o
 .bss.xActiveTimerList2
                0x00000000200001ac       0x14 ./ThardParty/FreeRTOS/timers.o
 .bss.pxCurrentTimerList
                0x00000000200001c0        0x4 ./ThardParty/FreeRTOS/timers.o
 .bss.pxOverflowTimerList
                0x00000000200001c4        0x4 ./ThardParty/FreeRTOS/timers.o
 .bss.xTimerQueue
                0x00000000200001c8        0x4 ./ThardParty/FreeRTOS/timers.o
 .bss.xTimerTaskHandle
                0x00000000200001cc        0x4 ./ThardParty/FreeRTOS/timers.o
 .bss.xLastTime.6904
                0x00000000200001d0        0x4 ./ThardParty/FreeRTOS/timers.o
 .bss.ucMaxSysCallPriority
                0x00000000200001d4        0x1 ./ThardParty/FreeRTOS/portable/GCC/ARM_CM4F/port.o
 *fill*         0x00000000200001d5        0x3 
 .bss.ulMaxPRIGROUPValue
                0x00000000200001d8        0x4 ./ThardParty/FreeRTOS/portable/GCC/ARM_CM4F/port.o
 .bss.ucHeap    0x00000000200001dc    0x12c00 ./ThardParty/FreeRTOS/portable/MemMang/heap_4.o
 .bss.xStart    0x0000000020012ddc        0x8 ./ThardParty/FreeRTOS/portable/MemMang/heap_4.o
 .bss.pxEnd     0x0000000020012de4        0x4 ./ThardParty/FreeRTOS/portable/MemMang/heap_4.o
 .bss.xFreeBytesRemaining
                0x0000000020012de8        0x4 ./ThardParty/FreeRTOS/portable/MemMang/heap_4.o
 .bss.xMinimumEverFreeBytesRemaining
                0x0000000020012dec        0x4 ./ThardParty/FreeRTOS/portable/MemMang/heap_4.o
 .bss.xNumberOfSuccessfulAllocations
                0x0000000020012df0        0x4 ./ThardParty/FreeRTOS/portable/MemMang/heap_4.o
 .bss.xNumberOfSuccessfulFrees
                0x0000000020012df4        0x4 ./ThardParty/FreeRTOS/portable/MemMang/heap_4.o
 .bss.xBlockAllocatedBit
                0x0000000020012df8        0x4 ./ThardParty/FreeRTOS/portable/MemMang/heap_4.o
 .bss.__malloc_free_list
                0x0000000020012dfc        0x4 c:/st/stm32cubeide_1.8.0/stm32cubeide/plugins/com.st.stm32cube.ide.mcu.externaltools.gnu-tools-for-stm32.9-2020-q2-update.win32_2.0.0.202105311346/tools/bin/../lib/gcc/arm-none-eabi/9.3.1/../../../../arm-none-eabi/lib/thumb/v7e-m+fp/hard\libc_nano.a(lib_a-nano-mallocr.o)
                0x0000000020012dfc                __malloc_free_list
 .bss.__malloc_sbrk_start
                0x0000000020012e00        0x4 c:/st/stm32cubeide_1.8.0/stm32cubeide/plugins/com.st.stm32cube.ide.mcu.externaltools.gnu-tools-for-stm32.9-2020-q2-update.win32_2.0.0.202105311346/tools/bin/../lib/gcc/arm-none-eabi/9.3.1/../../../../arm-none-eabi/lib/thumb/v7e-m+fp/hard\libc_nano.a(lib_a-nano-mallocr.o)
                0x0000000020012e00                __malloc_sbrk_start
 .bss.heap_end.5507
                0x0000000020012e04        0x4 c:/st/stm32cubeide_1.8.0/stm32cubeide/plugins/com.st.stm32cube.ide.mcu.externaltools.gnu-tools-for-stm32.9-2020-q2-update.win32_2.0.0.202105311346/tools/bin/../lib/gcc/arm-none-eabi/9.3.1/../../../../arm-none-eabi/lib/thumb/v7e-m+fp/hard\libnosys.a(sbrk.o)
 *(COMMON)
 COMMON         0x0000000020012e08       0x48 ./Core/Src/stm32f4xx_hal_timebase_tim.o
                0x0000000020012e08                htim6
 COMMON         0x0000000020012e50        0x4 ./Drivers/STM32F4xx_HAL_Driver/Src/stm32f4xx_hal.o
                0x0000000020012e50                uwTick
 COMMON         0x0000000020012e54       0x40 ./ThardParty/FreeRTOS/queue.o
                0x0000000020012e54                xQueueRegistry
 COMMON         0x0000000020012e94        0x9 c:/st/stm32cubeide_1.8.0/stm32cubeide/plugins/com.st.stm32cube.ide.mcu.externaltools.gnu-tools-for-stm32.9-2020-q2-update.win32_2.0.0.202105311346/tools/bin/../lib/gcc/arm-none-eabi/9.3.1/../../../../arm-none-eabi/lib/thumb/v7e-m+fp/hard\libc_nano.a(lib_a-lock.o)
                0x0000000020012e94                __lock___atexit_recursive_mutex
                0x0000000020012e95                __lock___arc4random_mutex
                0x0000000020012e96                __lock___env_recursive_mutex
                0x0000000020012e97                __lock___sinit_recursive_mutex
                0x0000000020012e98                __lock___malloc_recursive_mutex
                0x0000000020012e99                __lock___at_quick_exit_mutex
                0x0000000020012e9a                __lock___dd_hash_mutex
                0x0000000020012e9b                __lock___tz_mutex
                0x0000000020012e9c                __lock___sfp_recursive_mutex
 *fill*         0x0000000020012e9d        0x3 
 COMMON         0x0000000020012ea0        0x4 c:/st/stm32cubeide_1.8.0/stm32cubeide/plugins/com.st.stm32cube.ide.mcu.externaltools.gnu-tools-for-stm32.9-2020-q2-update.win32_2.0.0.202105311346/tools/bin/../lib/gcc/arm-none-eabi/9.3.1/../../../../arm-none-eabi/lib/thumb/v7e-m+fp/hard\libc_nano.a(lib_a-reent.o)
                0x0000000020012ea0                errno
                0x0000000020012ea4                . = ALIGN (0x4)
                0x0000000020012ea4                _ebss = .
                0x0000000020012ea4                __bss_end__ = _ebss

._user_heap_stack
                0x0000000020012ea4      0x604
                0x0000000020012ea8                . = ALIGN (0x8)
 *fill*         0x0000000020012ea4        0x4 
                0x0000000020012ea8                PROVIDE (end = .)
                [!provide]                        PROVIDE (_end = .)
                0x00000000200130a8                . = (. + _Min_Heap_Size)
 *fill*         0x0000000020012ea8      0x200 
                0x00000000200134a8                . = (. + _Min_Stack_Size)
 *fill*         0x00000000200130a8      0x400 
                0x00000000200134a8                . = ALIGN (0x8)

/DISCARD/
 libc.a(*)
 libm.a(*)
 libgcc.a(*)

.ARM.attributes
                0x0000000000000000       0x30
 *(.ARM.attributes)
 .ARM.attributes
                0x0000000000000000       0x1e c:/st/stm32cubeide_1.8.0/stm32cubeide/plugins/com.st.stm32cube.ide.mcu.externaltools.gnu-tools-for-stm32.9-2020-q2-update.win32_2.0.0.202105311346/tools/bin/../lib/gcc/arm-none-eabi/9.3.1/thumb/v7e-m+fp/hard/crti.o
 .ARM.attributes
                0x000000000000001e       0x34 c:/st/stm32cubeide_1.8.0/stm32cubeide/plugins/com.st.stm32cube.ide.mcu.externaltools.gnu-tools-for-stm32.9-2020-q2-update.win32_2.0.0.202105311346/tools/bin/../lib/gcc/arm-none-eabi/9.3.1/thumb/v7e-m+fp/hard/crtbegin.o
 .ARM.attributes
                0x0000000000000052       0x34 ./Core/Src/main.o
 .ARM.attributes
                0x0000000000000086       0x34 ./Core/Src/stm32f4xx_hal_msp.o
 .ARM.attributes
                0x00000000000000ba       0x34 ./Core/Src/stm32f4xx_hal_timebase_tim.o
 .ARM.attributes
                0x00000000000000ee       0x34 ./Core/Src/stm32f4xx_it.o
 .ARM.attributes
                0x0000000000000122       0x34 ./Core/Src/syscalls.o
 .ARM.attributes
                0x0000000000000156       0x34 ./Core/Src/system_stm32f4xx.o
 .ARM.attributes
                0x000000000000018a       0x21 ./Core/Startup/startup_stm32f407vgtx.o
 .ARM.attributes
                0x00000000000001ab       0x34 ./Drivers/STM32F4xx_HAL_Driver/Src/stm32f4xx_hal.o
 .ARM.attributes
                0x00000000000001df       0x34 ./Drivers/STM32F4xx_HAL_Driver/Src/stm32f4xx_hal_cortex.o
 .ARM.attributes
                0x0000000000000213       0x34 ./Drivers/STM32F4xx_HAL_Driver/Src/stm32f4xx_hal_gpio.o
 .ARM.attributes
                0x0000000000000247       0x34 ./Drivers/STM32F4xx_HAL_Driver/Src/stm32f4xx_hal_rcc.o
 .ARM.attributes
                0x000000000000027b       0x34 ./Drivers/STM32F4xx_HAL_Driver/Src/stm32f4xx_hal_tim.o
 .ARM.attributes
                0x00000000000002af       0x34 ./Drivers/STM32F4xx_HAL_Driver/Src/stm32f4xx_hal_tim_ex.o
 .ARM.attributes
                0x00000000000002e3       0x34 ./ThardParty/FreeRTOS/list.o
 .ARM.attributes
                0x0000000000000317       0x34 ./ThardParty/FreeRTOS/queue.o
 .ARM.attributes
                0x000000000000034b       0x34 ./ThardParty/FreeRTOS/tasks.o
 .ARM.attributes
                0x000000000000037f       0x34 ./ThardParty/FreeRTOS/timers.o
 .ARM.attributes
                0x00000000000003b3       0x34 ./ThardParty/FreeRTOS/portable/GCC/ARM_CM4F/port.o
 .ARM.attributes
                0x00000000000003e7       0x34 ./ThardParty/FreeRTOS/portable/MemMang/heap_4.o
 .ARM.attributes
                0x000000000000041b       0x32 c:/st/stm32cubeide_1.8.0/stm32cubeide/plugins/com.st.stm32cube.ide.mcu.externaltools.gnu-tools-for-stm32.9-2020-q2-update.win32_2.0.0.202105311346/tools/bin/../lib/gcc/arm-none-eabi/9.3.1/../../../../arm-none-eabi/lib/thumb/v7e-m+fp/hard\libc_nano.a(lib_a-impure.o)
 .ARM.attributes
                0x000000000000044d       0x34 c:/st/stm32cubeide_1.8.0/stm32cubeide/plugins/com.st.stm32cube.ide.mcu.externaltools.gnu-tools-for-stm32.9-2020-q2-update.win32_2.0.0.202105311346/tools/bin/../lib/gcc/arm-none-eabi/9.3.1/../../../../arm-none-eabi/lib/thumb/v7e-m+fp/hard\libc_nano.a(lib_a-init.o)
 .ARM.attributes
                0x0000000000000481       0x34 c:/st/stm32cubeide_1.8.0/stm32cubeide/plugins/com.st.stm32cube.ide.mcu.externaltools.gnu-tools-for-stm32.9-2020-q2-update.win32_2.0.0.202105311346/tools/bin/../lib/gcc/arm-none-eabi/9.3.1/../../../../arm-none-eabi/lib/thumb/v7e-m+fp/hard\libc_nano.a(lib_a-memcpy-stub.o)
 .ARM.attributes
                0x00000000000004b5       0x34 c:/st/stm32cubeide_1.8.0/stm32cubeide/plugins/com.st.stm32cube.ide.mcu.externaltools.gnu-tools-for-stm32.9-2020-q2-update.win32_2.0.0.202105311346/tools/bin/../lib/gcc/arm-none-eabi/9.3.1/../../../../arm-none-eabi/lib/thumb/v7e-m+fp/hard\libc_nano.a(lib_a-memset.o)
 .ARM.attributes
                0x00000000000004e9       0x34 c:/st/stm32cubeide_1.8.0/stm32cubeide/plugins/com.st.stm32cube.ide.mcu.externaltools.gnu-tools-for-stm32.9-2020-q2-update.win32_2.0.0.202105311346/tools/bin/../lib/gcc/arm-none-eabi/9.3.1/../../../../arm-none-eabi/lib/thumb/v7e-m+fp/hard\libc_nano.a(lib_a-puts.o)
 .ARM.attributes
                0x000000000000051d       0x34 c:/st/stm32cubeide_1.8.0/stm32cubeide/plugins/com.st.stm32cube.ide.mcu.externaltools.gnu-tools-for-stm32.9-2020-q2-update.win32_2.0.0.202105311346/tools/bin/../lib/gcc/arm-none-eabi/9.3.1/../../../../arm-none-eabi/lib/thumb/v7e-m+fp/hard\libc_nano.a(lib_a-wbuf.o)
 .ARM.attributes
                0x0000000000000551       0x34 c:/st/stm32cubeide_1.8.0/stm32cubeide/plugins/com.st.stm32cube.ide.mcu.externaltools.gnu-tools-for-stm32.9-2020-q2-update.win32_2.0.0.202105311346/tools/bin/../lib/gcc/arm-none-eabi/9.3.1/../../../../arm-none-eabi/lib/thumb/v7e-m+fp/hard\libc_nano.a(lib_a-wsetup.o)
 .ARM.attributes
                0x0000000000000585       0x34 c:/st/stm32cubeide_1.8.0/stm32cubeide/plugins/com.st.stm32cube.ide.mcu.externaltools.gnu-tools-for-stm32.9-2020-q2-update.win32_2.0.0.202105311346/tools/bin/../lib/gcc/arm-none-eabi/9.3.1/../../../../arm-none-eabi/lib/thumb/v7e-m+fp/hard\libc_nano.a(lib_a-fflush.o)
 .ARM.attributes
                0x00000000000005b9       0x34 c:/st/stm32cubeide_1.8.0/stm32cubeide/plugins/com.st.stm32cube.ide.mcu.externaltools.gnu-tools-for-stm32.9-2020-q2-update.win32_2.0.0.202105311346/tools/bin/../lib/gcc/arm-none-eabi/9.3.1/../../../../arm-none-eabi/lib/thumb/v7e-m+fp/hard\libc_nano.a(lib_a-findfp.o)
 .ARM.attributes
                0x00000000000005ed       0x34 c:/st/stm32cubeide_1.8.0/stm32cubeide/plugins/com.st.stm32cube.ide.mcu.externaltools.gnu-tools-for-stm32.9-2020-q2-update.win32_2.0.0.202105311346/tools/bin/../lib/gcc/arm-none-eabi/9.3.1/../../../../arm-none-eabi/lib/thumb/v7e-m+fp/hard\libc_nano.a(lib_a-fwalk.o)
 .ARM.attributes
                0x0000000000000621       0x34 c:/st/stm32cubeide_1.8.0/stm32cubeide/plugins/com.st.stm32cube.ide.mcu.externaltools.gnu-tools-for-stm32.9-2020-q2-update.win32_2.0.0.202105311346/tools/bin/../lib/gcc/arm-none-eabi/9.3.1/../../../../arm-none-eabi/lib/thumb/v7e-m+fp/hard\libc_nano.a(lib_a-lock.o)
 .ARM.attributes
                0x0000000000000655       0x34 c:/st/stm32cubeide_1.8.0/stm32cubeide/plugins/com.st.stm32cube.ide.mcu.externaltools.gnu-tools-for-stm32.9-2020-q2-update.win32_2.0.0.202105311346/tools/bin/../lib/gcc/arm-none-eabi/9.3.1/../../../../arm-none-eabi/lib/thumb/v7e-m+fp/hard\libc_nano.a(lib_a-makebuf.o)
 .ARM.attributes
                0x0000000000000689       0x34 c:/st/stm32cubeide_1.8.0/stm32cubeide/plugins/com.st.stm32cube.ide.mcu.externaltools.gnu-tools-for-stm32.9-2020-q2-update.win32_2.0.0.202105311346/tools/bin/../lib/gcc/arm-none-eabi/9.3.1/../../../../arm-none-eabi/lib/thumb/v7e-m+fp/hard\libc_nano.a(lib_a-nano-freer.o)
 .ARM.attributes
                0x00000000000006bd       0x34 c:/st/stm32cubeide_1.8.0/stm32cubeide/plugins/com.st.stm32cube.ide.mcu.externaltools.gnu-tools-for-stm32.9-2020-q2-update.win32_2.0.0.202105311346/tools/bin/../lib/gcc/arm-none-eabi/9.3.1/../../../../arm-none-eabi/lib/thumb/v7e-m+fp/hard\libc_nano.a(lib_a-nano-mallocr.o)
 .ARM.attributes
                0x00000000000006f1       0x34 c:/st/stm32cubeide_1.8.0/stm32cubeide/plugins/com.st.stm32cube.ide.mcu.externaltools.gnu-tools-for-stm32.9-2020-q2-update.win32_2.0.0.202105311346/tools/bin/../lib/gcc/arm-none-eabi/9.3.1/../../../../arm-none-eabi/lib/thumb/v7e-m+fp/hard\libc_nano.a(lib_a-sbrkr.o)
 .ARM.attributes
                0x0000000000000725       0x34 c:/st/stm32cubeide_1.8.0/stm32cubeide/plugins/com.st.stm32cube.ide.mcu.externaltools.gnu-tools-for-stm32.9-2020-q2-update.win32_2.0.0.202105311346/tools/bin/../lib/gcc/arm-none-eabi/9.3.1/../../../../arm-none-eabi/lib/thumb/v7e-m+fp/hard\libc_nano.a(lib_a-stdio.o)
 .ARM.attributes
                0x0000000000000759       0x34 c:/st/stm32cubeide_1.8.0/stm32cubeide/plugins/com.st.stm32cube.ide.mcu.externaltools.gnu-tools-for-stm32.9-2020-q2-update.win32_2.0.0.202105311346/tools/bin/../lib/gcc/arm-none-eabi/9.3.1/../../../../arm-none-eabi/lib/thumb/v7e-m+fp/hard\libc_nano.a(lib_a-writer.o)
 .ARM.attributes
                0x000000000000078d       0x34 c:/st/stm32cubeide_1.8.0/stm32cubeide/plugins/com.st.stm32cube.ide.mcu.externaltools.gnu-tools-for-stm32.9-2020-q2-update.win32_2.0.0.202105311346/tools/bin/../lib/gcc/arm-none-eabi/9.3.1/../../../../arm-none-eabi/lib/thumb/v7e-m+fp/hard\libc_nano.a(lib_a-closer.o)
 .ARM.attributes
                0x00000000000007c1       0x34 c:/st/stm32cubeide_1.8.0/stm32cubeide/plugins/com.st.stm32cube.ide.mcu.externaltools.gnu-tools-for-stm32.9-2020-q2-update.win32_2.0.0.202105311346/tools/bin/../lib/gcc/arm-none-eabi/9.3.1/../../../../arm-none-eabi/lib/thumb/v7e-m+fp/hard\libc_nano.a(lib_a-fstatr.o)
 .ARM.attributes
                0x00000000000007f5       0x34 c:/st/stm32cubeide_1.8.0/stm32cubeide/plugins/com.st.stm32cube.ide.mcu.externaltools.gnu-tools-for-stm32.9-2020-q2-update.win32_2.0.0.202105311346/tools/bin/../lib/gcc/arm-none-eabi/9.3.1/../../../../arm-none-eabi/lib/thumb/v7e-m+fp/hard\libc_nano.a(lib_a-isattyr.o)
 .ARM.attributes
                0x0000000000000829       0x34 c:/st/stm32cubeide_1.8.0/stm32cubeide/plugins/com.st.stm32cube.ide.mcu.externaltools.gnu-tools-for-stm32.9-2020-q2-update.win32_2.0.0.202105311346/tools/bin/../lib/gcc/arm-none-eabi/9.3.1/../../../../arm-none-eabi/lib/thumb/v7e-m+fp/hard\libc_nano.a(lib_a-lseekr.o)
 .ARM.attributes
                0x000000000000085d       0x34 c:/st/stm32cubeide_1.8.0/stm32cubeide/plugins/com.st.stm32cube.ide.mcu.externaltools.gnu-tools-for-stm32.9-2020-q2-update.win32_2.0.0.202105311346/tools/bin/../lib/gcc/arm-none-eabi/9.3.1/../../../../arm-none-eabi/lib/thumb/v7e-m+fp/hard\libc_nano.a(lib_a-mlock.o)
 .ARM.attributes
                0x0000000000000891       0x34 c:/st/stm32cubeide_1.8.0/stm32cubeide/plugins/com.st.stm32cube.ide.mcu.externaltools.gnu-tools-for-stm32.9-2020-q2-update.win32_2.0.0.202105311346/tools/bin/../lib/gcc/arm-none-eabi/9.3.1/../../../../arm-none-eabi/lib/thumb/v7e-m+fp/hard\libc_nano.a(lib_a-readr.o)
 .ARM.attributes
                0x00000000000008c5       0x34 c:/st/stm32cubeide_1.8.0/stm32cubeide/plugins/com.st.stm32cube.ide.mcu.externaltools.gnu-tools-for-stm32.9-2020-q2-update.win32_2.0.0.202105311346/tools/bin/../lib/gcc/arm-none-eabi/9.3.1/../../../../arm-none-eabi/lib/thumb/v7e-m+fp/hard\libc_nano.a(lib_a-reent.o)
 .ARM.attributes
                0x00000000000008f9       0x1e c:/st/stm32cubeide_1.8.0/stm32cubeide/plugins/com.st.stm32cube.ide.mcu.externaltools.gnu-tools-for-stm32.9-2020-q2-update.win32_2.0.0.202105311346/tools/bin/../lib/gcc/arm-none-eabi/9.3.1/thumb/v7e-m+fp/hard\libgcc.a(_aeabi_uldivmod.o)
 .ARM.attributes
                0x0000000000000917       0x34 c:/st/stm32cubeide_1.8.0/stm32cubeide/plugins/com.st.stm32cube.ide.mcu.externaltools.gnu-tools-for-stm32.9-2020-q2-update.win32_2.0.0.202105311346/tools/bin/../lib/gcc/arm-none-eabi/9.3.1/thumb/v7e-m+fp/hard\libgcc.a(_udivmoddi4.o)
 .ARM.attributes
                0x000000000000094b       0x1e c:/st/stm32cubeide_1.8.0/stm32cubeide/plugins/com.st.stm32cube.ide.mcu.externaltools.gnu-tools-for-stm32.9-2020-q2-update.win32_2.0.0.202105311346/tools/bin/../lib/gcc/arm-none-eabi/9.3.1/thumb/v7e-m+fp/hard\libgcc.a(_dvmd_tls.o)
 .ARM.attributes
                0x0000000000000969       0x34 c:/st/stm32cubeide_1.8.0/stm32cubeide/plugins/com.st.stm32cube.ide.mcu.externaltools.gnu-tools-for-stm32.9-2020-q2-update.win32_2.0.0.202105311346/tools/bin/../lib/gcc/arm-none-eabi/9.3.1/../../../../arm-none-eabi/lib/thumb/v7e-m+fp/hard\libnosys.a(sbrk.o)
 .ARM.attributes
                0x000000000000099d       0x1e c:/st/stm32cubeide_1.8.0/stm32cubeide/plugins/com.st.stm32cube.ide.mcu.externaltools.gnu-tools-for-stm32.9-2020-q2-update.win32_2.0.0.202105311346/tools/bin/../lib/gcc/arm-none-eabi/9.3.1/thumb/v7e-m+fp/hard/crtn.o
OUTPUT(001Tasks.elf elf32-littlearm)
LOAD linker stubs
LOAD c:/st/stm32cubeide_1.8.0/stm32cubeide/plugins/com.st.stm32cube.ide.mcu.externaltools.gnu-tools-for-stm32.9-2020-q2-update.win32_2.0.0.202105311346/tools/bin/../lib/gcc/arm-none-eabi/9.3.1/../../../../arm-none-eabi/lib/thumb/v7e-m+fp/hard\libc.a
LOAD c:/st/stm32cubeide_1.8.0/stm32cubeide/plugins/com.st.stm32cube.ide.mcu.externaltools.gnu-tools-for-stm32.9-2020-q2-update.win32_2.0.0.202105311346/tools/bin/../lib/gcc/arm-none-eabi/9.3.1/../../../../arm-none-eabi/lib/thumb/v7e-m+fp/hard\libm.a
LOAD c:/st/stm32cubeide_1.8.0/stm32cubeide/plugins/com.st.stm32cube.ide.mcu.externaltools.gnu-tools-for-stm32.9-2020-q2-update.win32_2.0.0.202105311346/tools/bin/../lib/gcc/arm-none-eabi/9.3.1/thumb/v7e-m+fp/hard\libgcc.a

.debug_info     0x0000000000000000    0x1310f
 .debug_info    0x0000000000000000     0x1710 ./Core/Src/main.o
 .debug_info    0x0000000000001710      0x394 ./Core/Src/stm32f4xx_hal_msp.o
 .debug_info    0x0000000000001aa4      0xc6c ./Core/Src/stm32f4xx_hal_timebase_tim.o
 .debug_info    0x0000000000002710      0x7cb ./Core/Src/stm32f4xx_it.o
 .debug_info    0x0000000000002edb      0xfed ./Core/Src/syscalls.o
 .debug_info    0x0000000000003ec8      0x5a4 ./Core/Src/system_stm32f4xx.o
 .debug_info    0x000000000000446c       0x22 ./Core/Startup/startup_stm32f407vgtx.o
 .debug_info    0x000000000000448e      0x9b2 ./Drivers/STM32F4xx_HAL_Driver/Src/stm32f4xx_hal.o
 .debug_info    0x0000000000004e40      0xed7 ./Drivers/STM32F4xx_HAL_Driver/Src/stm32f4xx_hal_cortex.o
 .debug_info    0x0000000000005d17      0x83e ./Drivers/STM32F4xx_HAL_Driver/Src/stm32f4xx_hal_gpio.o
 .debug_info    0x0000000000006555      0x996 ./Drivers/STM32F4xx_HAL_Driver/Src/stm32f4xx_hal_rcc.o
 .debug_info    0x0000000000006eeb     0x2c22 ./Drivers/STM32F4xx_HAL_Driver/Src/stm32f4xx_hal_tim.o
 .debug_info    0x0000000000009b0d     0x15a2 ./Drivers/STM32F4xx_HAL_Driver/Src/stm32f4xx_hal_tim_ex.o
 .debug_info    0x000000000000b0af      0xb82 ./ThardParty/FreeRTOS/list.o
 .debug_info    0x000000000000bc31     0x2017 ./ThardParty/FreeRTOS/queue.o
 .debug_info    0x000000000000dc48     0x2d3d ./ThardParty/FreeRTOS/tasks.o
 .debug_info    0x0000000000010985     0x150d ./ThardParty/FreeRTOS/timers.o
 .debug_info    0x0000000000011e92      0x4f1 ./ThardParty/FreeRTOS/portable/GCC/ARM_CM4F/port.o
 .debug_info    0x0000000000012383      0xd8c ./ThardParty/FreeRTOS/portable/MemMang/heap_4.o

.debug_abbrev   0x0000000000000000     0x2a5a
 .debug_abbrev  0x0000000000000000      0x30c ./Core/Src/main.o
 .debug_abbrev  0x000000000000030c      0x11d ./Core/Src/stm32f4xx_hal_msp.o
 .debug_abbrev  0x0000000000000429      0x1bf ./Core/Src/stm32f4xx_hal_timebase_tim.o
 .debug_abbrev  0x00000000000005e8      0x176 ./Core/Src/stm32f4xx_it.o
 .debug_abbrev  0x000000000000075e      0x2a0 ./Core/Src/syscalls.o
 .debug_abbrev  0x00000000000009fe      0x145 ./Core/Src/system_stm32f4xx.o
 .debug_abbrev  0x0000000000000b43       0x12 ./Core/Startup/startup_stm32f407vgtx.o
 .debug_abbrev  0x0000000000000b55      0x1ed ./Drivers/STM32F4xx_HAL_Driver/Src/stm32f4xx_hal.o
 .debug_abbrev  0x0000000000000d42      0x33c ./Drivers/STM32F4xx_HAL_Driver/Src/stm32f4xx_hal_cortex.o
 .debug_abbrev  0x000000000000107e      0x1f1 ./Drivers/STM32F4xx_HAL_Driver/Src/stm32f4xx_hal_gpio.o
 .debug_abbrev  0x000000000000126f      0x275 ./Drivers/STM32F4xx_HAL_Driver/Src/stm32f4xx_hal_rcc.o
 .debug_abbrev  0x00000000000014e4      0x25e ./Drivers/STM32F4xx_HAL_Driver/Src/stm32f4xx_hal_tim.o
 .debug_abbrev  0x0000000000001742      0x266 ./Drivers/STM32F4xx_HAL_Driver/Src/stm32f4xx_hal_tim_ex.o
 .debug_abbrev  0x00000000000019a8      0x1f7 ./ThardParty/FreeRTOS/list.o
 .debug_abbrev  0x0000000000001b9f      0x333 ./ThardParty/FreeRTOS/queue.o
 .debug_abbrev  0x0000000000001ed2      0x39a ./ThardParty/FreeRTOS/tasks.o
 .debug_abbrev  0x000000000000226c      0x2ea ./ThardParty/FreeRTOS/timers.o
 .debug_abbrev  0x0000000000002556      0x231 ./ThardParty/FreeRTOS/portable/GCC/ARM_CM4F/port.o
 .debug_abbrev  0x0000000000002787      0x2d3 ./ThardParty/FreeRTOS/portable/MemMang/heap_4.o

.debug_aranges  0x0000000000000000      0xf30
 .debug_aranges
                0x0000000000000000       0x50 ./Core/Src/main.o
 .debug_aranges
                0x0000000000000050       0x20 ./Core/Src/stm32f4xx_hal_msp.o
 .debug_aranges
                0x0000000000000070       0x30 ./Core/Src/stm32f4xx_hal_timebase_tim.o
 .debug_aranges
                0x00000000000000a0       0x50 ./Core/Src/stm32f4xx_it.o
 .debug_aranges
                0x00000000000000f0       0xb0 ./Core/Src/syscalls.o
 .debug_aranges
                0x00000000000001a0       0x28 ./Core/Src/system_stm32f4xx.o
 .debug_aranges
                0x00000000000001c8       0x28 ./Core/Startup/startup_stm32f407vgtx.o
 .debug_aranges
                0x00000000000001f0       0xf0 ./Drivers/STM32F4xx_HAL_Driver/Src/stm32f4xx_hal.o
 .debug_aranges
                0x00000000000002e0      0x118 ./Drivers/STM32F4xx_HAL_Driver/Src/stm32f4xx_hal_cortex.o
 .debug_aranges
                0x00000000000003f8       0x58 ./Drivers/STM32F4xx_HAL_Driver/Src/stm32f4xx_hal_gpio.o
 .debug_aranges
                0x0000000000000450       0x88 ./Drivers/STM32F4xx_HAL_Driver/Src/stm32f4xx_hal_rcc.o
 .debug_aranges
                0x00000000000004d8      0x3d0 ./Drivers/STM32F4xx_HAL_Driver/Src/stm32f4xx_hal_tim.o
 .debug_aranges
                0x00000000000008a8      0x168 ./Drivers/STM32F4xx_HAL_Driver/Src/stm32f4xx_hal_tim_ex.o
 .debug_aranges
                0x0000000000000a10       0x40 ./ThardParty/FreeRTOS/list.o
 .debug_aranges
                0x0000000000000a50      0x130 ./ThardParty/FreeRTOS/queue.o
 .debug_aranges
                0x0000000000000b80      0x1f8 ./ThardParty/FreeRTOS/tasks.o
 .debug_aranges
                0x0000000000000d78       0xe0 ./ThardParty/FreeRTOS/timers.o
 .debug_aranges
                0x0000000000000e58       0x80 ./ThardParty/FreeRTOS/portable/GCC/ARM_CM4F/port.o
 .debug_aranges
                0x0000000000000ed8       0x58 ./ThardParty/FreeRTOS/portable/MemMang/heap_4.o

.debug_ranges   0x0000000000000000      0xe08
 .debug_ranges  0x0000000000000000       0x40 ./Core/Src/main.o
 .debug_ranges  0x0000000000000040       0x10 ./Core/Src/stm32f4xx_hal_msp.o
 .debug_ranges  0x0000000000000050       0x20 ./Core/Src/stm32f4xx_hal_timebase_tim.o
 .debug_ranges  0x0000000000000070       0x40 ./Core/Src/stm32f4xx_it.o
 .debug_ranges  0x00000000000000b0       0xa0 ./Core/Src/syscalls.o
 .debug_ranges  0x0000000000000150       0x18 ./Core/Src/system_stm32f4xx.o
 .debug_ranges  0x0000000000000168       0x20 ./Core/Startup/startup_stm32f407vgtx.o
 .debug_ranges  0x0000000000000188       0xe0 ./Drivers/STM32F4xx_HAL_Driver/Src/stm32f4xx_hal.o
 .debug_ranges  0x0000000000000268      0x108 ./Drivers/STM32F4xx_HAL_Driver/Src/stm32f4xx_hal_cortex.o
 .debug_ranges  0x0000000000000370       0x48 ./Drivers/STM32F4xx_HAL_Driver/Src/stm32f4xx_hal_gpio.o
 .debug_ranges  0x00000000000003b8       0x78 ./Drivers/STM32F4xx_HAL_Driver/Src/stm32f4xx_hal_rcc.o
 .debug_ranges  0x0000000000000430      0x3c0 ./Drivers/STM32F4xx_HAL_Driver/Src/stm32f4xx_hal_tim.o
 .debug_ranges  0x00000000000007f0      0x158 ./Drivers/STM32F4xx_HAL_Driver/Src/stm32f4xx_hal_tim_ex.o
 .debug_ranges  0x0000000000000948       0x30 ./ThardParty/FreeRTOS/list.o
 .debug_ranges  0x0000000000000978      0x120 ./ThardParty/FreeRTOS/queue.o
 .debug_ranges  0x0000000000000a98      0x1e8 ./ThardParty/FreeRTOS/tasks.o
 .debug_ranges  0x0000000000000c80       0xd0 ./ThardParty/FreeRTOS/timers.o
 .debug_ranges  0x0000000000000d50       0x70 ./ThardParty/FreeRTOS/portable/GCC/ARM_CM4F/port.o
 .debug_ranges  0x0000000000000dc0       0x48 ./ThardParty/FreeRTOS/portable/MemMang/heap_4.o

.debug_macro    0x0000000000000000    0x22f31
 .debug_macro   0x0000000000000000      0x39f ./Core/Src/main.o
 .debug_macro   0x000000000000039f      0xaa8 ./Core/Src/main.o
 .debug_macro   0x0000000000000e47      0x295 ./Core/Src/main.o
 .debug_macro   0x00000000000010dc       0x2e ./Core/Src/main.o
 .debug_macro   0x000000000000110a       0x2f ./Core/Src/main.o
 .debug_macro   0x0000000000001139       0x22 ./Core/Src/main.o
 .debug_macro   0x000000000000115b       0x8e ./Core/Src/main.o
 .debug_macro   0x00000000000011e9       0x51 ./Core/Src/main.o
 .debug_macro   0x000000000000123a      0x103 ./Core/Src/main.o
 .debug_macro   0x000000000000133d       0x6a ./Core/Src/main.o
 .debug_macro   0x00000000000013a7      0x1df ./Core/Src/main.o
 .debug_macro   0x0000000000001586       0x1c ./Core/Src/main.o
 .debug_macro   0x00000000000015a2       0x22 ./Core/Src/main.o
 .debug_macro   0x00000000000015c4       0xdf ./Core/Src/main.o
 .debug_macro   0x00000000000016a3     0x102d ./Core/Src/main.o
 .debug_macro   0x00000000000026d0      0x11f ./Core/Src/main.o
 .debug_macro   0x00000000000027ef    0x15e58 ./Core/Src/main.o
 .debug_macro   0x0000000000018647       0x6d ./Core/Src/main.o
 .debug_macro   0x00000000000186b4     0x3666 ./Core/Src/main.o
 .debug_macro   0x000000000001bd1a      0x174 ./Core/Src/main.o
 .debug_macro   0x000000000001be8e       0x5c ./Core/Src/main.o
 .debug_macro   0x000000000001beea      0x96b ./Core/Src/main.o
 .debug_macro   0x000000000001c855      0x9fe ./Core/Src/main.o
 .debug_macro   0x000000000001d253      0x116 ./Core/Src/main.o
 .debug_macro   0x000000000001d369      0x13e ./Core/Src/main.o
 .debug_macro   0x000000000001d4a7       0xa5 ./Core/Src/main.o
 .debug_macro   0x000000000001d54c      0x174 ./Core/Src/main.o
 .debug_macro   0x000000000001d6c0      0x287 ./Core/Src/main.o
 .debug_macro   0x000000000001d947       0x5f ./Core/Src/main.o
 .debug_macro   0x000000000001d9a6      0x236 ./Core/Src/main.o
 .debug_macro   0x000000000001dbdc      0x12c ./Core/Src/main.o
 .debug_macro   0x000000000001dd08      0x21e ./Core/Src/main.o
 .debug_macro   0x000000000001df26       0x2e ./Core/Src/main.o
 .debug_macro   0x000000000001df54      0x11a ./Core/Src/main.o
 .debug_macro   0x000000000001e06e       0x7e ./Core/Src/main.o
 .debug_macro   0x000000000001e0ec       0x89 ./Core/Src/main.o
 .debug_macro   0x000000000001e175      0x8d1 ./Core/Src/main.o
 .debug_macro   0x000000000001ea46       0x47 ./Core/Src/main.o
 .debug_macro   0x000000000001ea8d      0x12d ./Core/Src/main.o
 .debug_macro   0x000000000001ebba      0x190 ./Core/Src/main.o
 .debug_macro   0x000000000001ed4a       0x52 ./Core/Src/main.o
 .debug_macro   0x000000000001ed9c       0x18 ./Core/Src/main.o
 .debug_macro   0x000000000001edb4       0x3c ./Core/Src/main.o
 .debug_macro   0x000000000001edf0       0x34 ./Core/Src/main.o
 .debug_macro   0x000000000001ee24       0x16 ./Core/Src/main.o
 .debug_macro   0x000000000001ee3a       0x35 ./Core/Src/main.o
 .debug_macro   0x000000000001ee6f      0x333 ./Core/Src/main.o
 .debug_macro   0x000000000001f1a2       0x10 ./Core/Src/main.o
 .debug_macro   0x000000000001f1b2       0x16 ./Core/Src/main.o
 .debug_macro   0x000000000001f1c8       0x43 ./Core/Src/main.o
 .debug_macro   0x000000000001f20b       0x34 ./Core/Src/main.o
 .debug_macro   0x000000000001f23f       0x10 ./Core/Src/main.o
 .debug_macro   0x000000000001f24f       0x58 ./Core/Src/main.o
 .debug_macro   0x000000000001f2a7       0x71 ./Core/Src/main.o
 .debug_macro   0x000000000001f318       0x1c ./Core/Src/main.o
 .debug_macro   0x000000000001f334      0x12a ./Core/Src/main.o
 .debug_macro   0x000000000001f45e       0x10 ./Core/Src/main.o
 .debug_macro   0x000000000001f46e       0x1c ./Core/Src/main.o
 .debug_macro   0x000000000001f48a       0x52 ./Core/Src/main.o
 .debug_macro   0x000000000001f4dc       0x22 ./Core/Src/main.o
 .debug_macro   0x000000000001f4fe       0x10 ./Core/Src/main.o
 .debug_macro   0x000000000001f50e       0x40 ./Core/Src/main.o
 .debug_macro   0x000000000001f54e       0xd5 ./Core/Src/main.o
 .debug_macro   0x000000000001f623       0x1c ./Core/Src/main.o
 .debug_macro   0x000000000001f63f       0x3d ./Core/Src/main.o
 .debug_macro   0x000000000001f67c       0x16 ./Core/Src/main.o
 .debug_macro   0x000000000001f692      0x145 ./Core/Src/main.o
 .debug_macro   0x000000000001f7d7      0x106 ./Core/Src/main.o
 .debug_macro   0x000000000001f8dd      0x15a ./Core/Src/main.o
 .debug_macro   0x000000000001fa37       0xea ./Core/Src/main.o
 .debug_macro   0x000000000001fb21       0x28 ./Core/Src/main.o
 .debug_macro   0x000000000001fb49       0x1f ./Core/Src/main.o
 .debug_macro   0x000000000001fb68       0x12 ./Core/Src/main.o
 .debug_macro   0x000000000001fb7a      0x50b ./Core/Src/main.o
 .debug_macro   0x0000000000020085       0xc3 ./Core/Src/main.o
 .debug_macro   0x0000000000020148      0x120 ./Core/Src/main.o
 .debug_macro   0x0000000000020268      0x1d3 ./Core/Src/stm32f4xx_hal_msp.o
 .debug_macro   0x000000000002043b      0x1c4 ./Core/Src/stm32f4xx_hal_timebase_tim.o
 .debug_macro   0x00000000000205ff      0x1dd ./Core/Src/stm32f4xx_it.o
 .debug_macro   0x00000000000207dc      0x25e ./Core/Src/syscalls.o
 .debug_macro   0x0000000000020a3a       0x4c ./Core/Src/syscalls.o
 .debug_macro   0x0000000000020a86       0x94 ./Core/Src/syscalls.o
 .debug_macro   0x0000000000020b1a       0x57 ./Core/Src/syscalls.o
 .debug_macro   0x0000000000020b71      0x339 ./Core/Src/syscalls.o
 .debug_macro   0x0000000000020eaa       0x10 ./Core/Src/syscalls.o
 .debug_macro   0x0000000000020eba       0x10 ./Core/Src/syscalls.o
 .debug_macro   0x0000000000020eca       0x10 ./Core/Src/syscalls.o
 .debug_macro   0x0000000000020eda       0x35 ./Core/Src/syscalls.o
 .debug_macro   0x0000000000020f0f      0x12c ./Core/Src/syscalls.o
 .debug_macro   0x000000000002103b       0x16 ./Core/Src/syscalls.o
 .debug_macro   0x0000000000021051       0x16 ./Core/Src/syscalls.o
 .debug_macro   0x0000000000021067       0x29 ./Core/Src/syscalls.o
 .debug_macro   0x0000000000021090       0x10 ./Core/Src/syscalls.o
 .debug_macro   0x00000000000210a0      0x241 ./Core/Src/syscalls.o
 .debug_macro   0x00000000000212e1       0x1c ./Core/Src/syscalls.o
 .debug_macro   0x00000000000212fd       0x10 ./Core/Src/syscalls.o
 .debug_macro   0x000000000002130d      0x189 ./Core/Src/syscalls.o
 .debug_macro   0x0000000000021496       0x16 ./Core/Src/syscalls.o
 .debug_macro   0x00000000000214ac       0xce ./Core/Src/syscalls.o
 .debug_macro   0x000000000002157a      0x1c4 ./Core/Src/system_stm32f4xx.o
 .debug_macro   0x000000000002173e      0x224 ./Drivers/STM32F4xx_HAL_Driver/Src/stm32f4xx_hal.o
 .debug_macro   0x0000000000021962      0x1c4 ./Drivers/STM32F4xx_HAL_Driver/Src/stm32f4xx_hal_cortex.o
 .debug_macro   0x0000000000021b26      0x1ca ./Drivers/STM32F4xx_HAL_Driver/Src/stm32f4xx_hal_gpio.o
 .debug_macro   0x0000000000021cf0      0x1e8 ./Drivers/STM32F4xx_HAL_Driver/Src/stm32f4xx_hal_rcc.o
 .debug_macro   0x0000000000021ed8      0x1c5 ./Drivers/STM32F4xx_HAL_Driver/Src/stm32f4xx_hal_tim.o
 .debug_macro   0x000000000002209d      0x1c4 ./Drivers/STM32F4xx_HAL_Driver/Src/stm32f4xx_hal_tim_ex.o
 .debug_macro   0x0000000000022261      0x198 ./ThardParty/FreeRTOS/list.o
 .debug_macro   0x00000000000223f9      0x221 ./ThardParty/FreeRTOS/queue.o
 .debug_macro   0x000000000002261a       0x16 ./ThardParty/FreeRTOS/queue.o
 .debug_macro   0x0000000000022630       0x20 ./ThardParty/FreeRTOS/queue.o
 .debug_macro   0x0000000000022650       0x80 ./ThardParty/FreeRTOS/queue.o